<html>
<body>
<pre>
<h1>µVision Build Log</h1>
<h2>Tool Versions:</h2>
IDE-Version: ¦ÌVision V5.14.0.0
Copyright (C) 2015 ARM Ltd and ARM Germany GmbH. All rights reserved.
License Information: xu Administrator, jin, LIC=EXJUH-WQIQX-EV91R-K5NYD-YZSP3-JLWMZ
 
Tool Versions:
Toolchain:       MDK-ARM Standard  Version: 5.14.0.0
Toolchain Path:  D:\gutaipan\keil5\ARM\ARMCC\Bin
C Compiler:      Armcc.exe V5.05 update 1 (build 106)
Assembler:       Armasm.exe V5.05 update 1 (build 106)
Linker/Locator:  ArmLink.exe V5.05 update 1 (build 106)
Library Manager: ArmAr.exe V5.05 update 1 (build 106)
Hex Converter:   FromElf.exe V5.05 update 1 (build 106)
CPU DLL:         SARMCM3.DLL V5.14.0.0
Dialog DLL:      DCM.DLL V1.13.1.0
Target DLL:      Segger\JL2CM3.dll V2.99.13.0
Dialog DLL:      TCM.DLL V1.14.4.0
 
<h2>Project:</h2>
C:\Users\Administrator\Desktop\CubeMX Customed HID\MDK-ARM\HID.uvprojx
Project File Date:  06/27/2018

<h2>Output:</h2>
Rebuild target 'HID'
assembling startup_stm32f103xe.s...
compiling adc.c...
compiling stm32f1xx_hal_timebase_TIM.c...
compiling main.c...
compiling usbd_conf.c...
compiling dma.c...
compiling usbd_custom_hid_if.c...
compiling usbd_desc.c...
compiling stm32f1xx_hal_msp.c...
compiling usb_device.c...
compiling gpio.c...
compiling stm32f1xx_it.c...
compiling tim.c...
compiling adc_dma.c...
compiling crc16.c...
compiling usbd_pack.c...
compiling protocol.c...
compiling system_stm32f1xx.c...
compiling usbd_core.c...
compiling usbd_ctlreq.c...
compiling usbd_customhid.c...
compiling usbd_ioreq.c...
compiling stm32f1xx_hal_cortex.c...
compiling stm32f1xx_hal_pcd_ex.c...
compiling stm32f1xx_hal_pcd.c...
compiling stm32f1xx_ll_usb.c...
compiling stm32f1xx_hal_flash_ex.c...
compiling stm32f1xx_hal_gpio.c...
compiling stm32f1xx_hal_adc.c...
compiling stm32f1xx_hal_gpio_ex.c...
compiling stm32f1xx_hal_pwr.c...
compiling stm32f1xx_hal_tim_ex.c...
compiling stm32f1xx_hal_flash.c...
compiling stm32f1xx_hal_adc_ex.c...
compiling stm32f1xx_hal_rcc.c...
compiling stm32f1xx_hal_tim.c...
compiling stm32f1xx_hal.c...
compiling stm32f1xx_hal_rcc_ex.c...
compiling stm32f1xx_hal_dma.c...
linking...
Program Size: Code=13556 RO-data=360 RW-data=304 ZI-data=10952  
"chuanci\USBHID.axf" - 0 Error(s), 0 Warning(s).

<h2>Software Packages used:</h2>

Package Vendor: ARM
                http://www.keil.com/pack/ARM.CMSIS.5.0.1.pack
                ARM::CMSIS:CORE:5.0.1
                CMSIS (Cortex Microcontroller Software Interface Standard)
   * Component: CORE Version: 5.0.1

<h2>Collection of Component include folders:</h2>
  C:\Users\Administrator\Desktop\CubeMX Customed HID\MDK-ARM\RTE
  D:\gutaipan\keil5\ARM\PACK\ARM\CMSIS\5.0.1\CMSIS\Include
  D:\gutaipan\keil5\ARM\PACK\Keil\STM32F1xx_DFP\2.2.0

<h2>Collection of Component Files used:</h2>

   * Component: ARM::CMSIS:CORE:5.0.1
</pre>
</body>
</html>
