Component: ARM Compiler 5.05 update 1 (build 106) Tool: armlink [4d0efa]

==============================================================================

Section Cross References

    startup_stm32f103xe.o(RESET) refers to startup_stm32f103xe.o(STACK) for __initial_sp
    startup_stm32f103xe.o(RESET) refers to startup_stm32f103xe.o(.text) for Reset_Handler
    startup_stm32f103xe.o(RESET) refers to stm32f1xx_it.o(i.NMI_Handler) for NMI_Handler
    startup_stm32f103xe.o(RESET) refers to stm32f1xx_it.o(i.HardFault_Handler) for HardFault_Handler
    startup_stm32f103xe.o(RESET) refers to stm32f1xx_it.o(i.MemManage_Handler) for MemManage_Handler
    startup_stm32f103xe.o(RESET) refers to stm32f1xx_it.o(i.BusFault_Handler) for BusFault_Handler
    startup_stm32f103xe.o(RESET) refers to stm32f1xx_it.o(i.UsageFault_Handler) for UsageFault_Handler
    startup_stm32f103xe.o(RESET) refers to stm32f1xx_it.o(i.SVC_Handler) for SVC_Handler
    startup_stm32f103xe.o(RESET) refers to stm32f1xx_it.o(i.DebugMon_Handler) for DebugMon_Handler
    startup_stm32f103xe.o(RESET) refers to stm32f1xx_it.o(i.PendSV_Handler) for PendSV_Handler
    startup_stm32f103xe.o(RESET) refers to stm32f1xx_it.o(i.SysTick_Handler) for SysTick_Handler
    startup_stm32f103xe.o(RESET) refers to stm32f1xx_it.o(i.DMA1_Channel1_IRQHandler) for DMA1_Channel1_IRQHandler
    startup_stm32f103xe.o(RESET) refers to stm32f1xx_it.o(i.USB_HP_CAN1_TX_IRQHandler) for USB_HP_CAN1_TX_IRQHandler
    startup_stm32f103xe.o(RESET) refers to stm32f1xx_it.o(i.USB_LP_CAN1_RX0_IRQHandler) for USB_LP_CAN1_RX0_IRQHandler
    startup_stm32f103xe.o(RESET) refers to stm32f1xx_it.o(i.TIM1_UP_IRQHandler) for TIM1_UP_IRQHandler
    startup_stm32f103xe.o(RESET) refers to stm32f1xx_it.o(i.TIM6_IRQHandler) for TIM6_IRQHandler
    startup_stm32f103xe.o(.text) refers to system_stm32f1xx.o(i.SystemInit) for SystemInit
    startup_stm32f103xe.o(.text) refers to entry.o(.ARM.Collect$$$$00000000) for __main
    adc.o(i.HAL_ADC_MspDeInit) refers to stm32f1xx_hal_gpio.o(i.HAL_GPIO_DeInit) for HAL_GPIO_DeInit
    adc.o(i.HAL_ADC_MspDeInit) refers to stm32f1xx_hal_dma.o(i.HAL_DMA_DeInit) for HAL_DMA_DeInit
    adc.o(i.HAL_ADC_MspInit) refers to stm32f1xx_hal_gpio.o(i.HAL_GPIO_Init) for HAL_GPIO_Init
    adc.o(i.HAL_ADC_MspInit) refers to stm32f1xx_hal_dma.o(i.HAL_DMA_Init) for HAL_DMA_Init
    adc.o(i.HAL_ADC_MspInit) refers to main.o(i._Error_Handler) for _Error_Handler
    adc.o(i.HAL_ADC_MspInit) refers to adc.o(.bss) for .bss
    adc.o(i.MX_ADC1_Init) refers to stm32f1xx_hal_adc.o(i.HAL_ADC_Init) for HAL_ADC_Init
    adc.o(i.MX_ADC1_Init) refers to main.o(i._Error_Handler) for _Error_Handler
    adc.o(i.MX_ADC1_Init) refers to stm32f1xx_hal_adc.o(i.HAL_ADC_ConfigChannel) for HAL_ADC_ConfigChannel
    adc.o(i.MX_ADC1_Init) refers to adc.o(.bss) for .bss
    stm32f1xx_hal_timebase_tim.o(i.HAL_InitTick) refers to stm32f1xx_hal_cortex.o(i.HAL_NVIC_SetPriority) for HAL_NVIC_SetPriority
    stm32f1xx_hal_timebase_tim.o(i.HAL_InitTick) refers to stm32f1xx_hal_cortex.o(i.HAL_NVIC_EnableIRQ) for HAL_NVIC_EnableIRQ
    stm32f1xx_hal_timebase_tim.o(i.HAL_InitTick) refers to stm32f1xx_hal_rcc.o(i.HAL_RCC_GetClockConfig) for HAL_RCC_GetClockConfig
    stm32f1xx_hal_timebase_tim.o(i.HAL_InitTick) refers to stm32f1xx_hal_rcc.o(i.HAL_RCC_GetPCLK2Freq) for HAL_RCC_GetPCLK2Freq
    stm32f1xx_hal_timebase_tim.o(i.HAL_InitTick) refers to stm32f1xx_hal_tim.o(i.HAL_TIM_Base_Init) for HAL_TIM_Base_Init
    stm32f1xx_hal_timebase_tim.o(i.HAL_InitTick) refers to stm32f1xx_hal_tim.o(i.HAL_TIM_Base_Start_IT) for HAL_TIM_Base_Start_IT
    stm32f1xx_hal_timebase_tim.o(i.HAL_InitTick) refers to stm32f1xx_hal_timebase_tim.o(.bss) for .bss
    stm32f1xx_hal_timebase_tim.o(i.HAL_ResumeTick) refers to stm32f1xx_hal_timebase_tim.o(.bss) for .bss
    stm32f1xx_hal_timebase_tim.o(i.HAL_SuspendTick) refers to stm32f1xx_hal_timebase_tim.o(.bss) for .bss
    main.o(i.HAL_TIM_PeriodElapsedCallback) refers to stm32f1xx_hal.o(i.HAL_IncTick) for HAL_IncTick
    main.o(i.SystemClock_Config) refers to stm32f1xx_hal_rcc.o(i.HAL_RCC_OscConfig) for HAL_RCC_OscConfig
    main.o(i.SystemClock_Config) refers to stm32f1xx_hal_rcc.o(i.HAL_RCC_ClockConfig) for HAL_RCC_ClockConfig
    main.o(i.SystemClock_Config) refers to stm32f1xx_hal_rcc_ex.o(i.HAL_RCCEx_PeriphCLKConfig) for HAL_RCCEx_PeriphCLKConfig
    main.o(i.SystemClock_Config) refers to stm32f1xx_hal_rcc.o(i.HAL_RCC_GetHCLKFreq) for HAL_RCC_GetHCLKFreq
    main.o(i.SystemClock_Config) refers to stm32f1xx_hal_cortex.o(i.HAL_SYSTICK_Config) for HAL_SYSTICK_Config
    main.o(i.SystemClock_Config) refers to stm32f1xx_hal_cortex.o(i.HAL_SYSTICK_CLKSourceConfig) for HAL_SYSTICK_CLKSourceConfig
    main.o(i.SystemClock_Config) refers to stm32f1xx_hal_cortex.o(i.HAL_NVIC_SetPriority) for HAL_NVIC_SetPriority
    main.o(i.main) refers to stm32f1xx_hal.o(i.HAL_Init) for HAL_Init
    main.o(i.main) refers to main.o(i.SystemClock_Config) for SystemClock_Config
[...]
    ../clib/microlib/init/entry.s            0x00000000   Number         0  entry.o ABSOLUTE
    ../clib/microlib/init/entry.s            0x00000000   Number         0  entry7b.o ABSOLUTE
    ../clib/microlib/init/entry.s            0x00000000   Number         0  entry11b.o ABSOLUTE
    ../clib/microlib/longlong.c              0x00000000   Number         0  llsshr.o ABSOLUTE
    ../clib/microlib/longlong.c              0x00000000   Number         0  llushr.o ABSOLUTE
    ../clib/microlib/longlong.c              0x00000000   Number         0  llshl.o ABSOLUTE
    ../clib/microlib/string/memcpy.c         0x00000000   Number         0  memcpyb.o ABSOLUTE
    ../clib/microlib/string/memcpy.c         0x00000000   Number         0  memcpya.o ABSOLUTE
    ../clib/microlib/string/memset.c         0x00000000   Number         0  memseta.o ABSOLUTE
    ../clib/microlib/stubs.s                 0x00000000   Number         0  iusefp.o ABSOLUTE
    ../fplib/microlib/d2f.c                  0x00000000   Number         0  d2f.o ABSOLUTE
    ../fplib/microlib/f2d.c                  0x00000000   Number         0  f2d.o ABSOLUTE
    ../fplib/microlib/fpadd.c                0x00000000   Number         0  dadd.o ABSOLUTE
    ../fplib/microlib/fpadd.c                0x00000000   Number         0  fadd.o ABSOLUTE
    ../fplib/microlib/fpepilogue.c           0x00000000   Number         0  fepilogue.o ABSOLUTE
    ../fplib/microlib/fpepilogue.c           0x00000000   Number         0  depilogue.o ABSOLUTE
    ../fplib/microlib/fpfix.c                0x00000000   Number         0  ffixui.o ABSOLUTE
    ../fplib/microlib/fpflt.c                0x00000000   Number         0  ffltui.o ABSOLUTE
    ../fplib/microlib/fpmul.c                0x00000000   Number         0  dmul.o ABSOLUTE
    ../fplib/microlib/fpmul.c                0x00000000   Number         0  fmul.o ABSOLUTE
    ..\Drivers\STM32F1xx_HAL_Driver\Src\stm32f1xx_hal.c 0x00000000   Number         0  stm32f1xx_hal.o ABSOLUTE
    ..\Drivers\STM32F1xx_HAL_Driver\Src\stm32f1xx_hal_adc.c 0x00000000   Number         0  stm32f1xx_hal_adc.o ABSOLUTE
    ..\Drivers\STM32F1xx_HAL_Driver\Src\stm32f1xx_hal_adc_ex.c 0x00000000   Number         0  stm32f1xx_hal_adc_ex.o ABSOLUTE
    ..\Drivers\STM32F1xx_HAL_Driver\Src\stm32f1xx_hal_cortex.c 0x00000000   Number         0  stm32f1xx_hal_cortex.o ABSOLUTE
    ..\Drivers\STM32F1xx_HAL_Driver\Src\stm32f1xx_hal_dma.c 0x00000000   Number         0  stm32f1xx_hal_dma.o ABSOLUTE
    ..\Drivers\STM32F1xx_HAL_Driver\Src\stm32f1xx_hal_flash.c 0x00000000   Number         0  stm32f1xx_hal_flash.o ABSOLUTE
    ..\Drivers\STM32F1xx_HAL_Driver\Src\stm32f1xx_hal_flash_ex.c 0x00000000   Number         0  stm32f1xx_hal_flash_ex.o ABSOLUTE
    ..\Drivers\STM32F1xx_HAL_Driver\Src\stm32f1xx_hal_gpio.c 0x00000000   Number         0  stm32f1xx_hal_gpio.o ABSOLUTE
    ..\Drivers\STM32F1xx_HAL_Driver\Src\stm32f1xx_hal_gpio_ex.c 0x00000000   Number         0  stm32f1xx_hal_gpio_ex.o ABSOLUTE
    ..\Drivers\STM32F1xx_HAL_Driver\Src\stm32f1xx_hal_pcd.c 0x00000000   Number         0  stm32f1xx_hal_pcd.o ABSOLUTE
    ..\Drivers\STM32F1xx_HAL_Driver\Src\stm32f1xx_hal_pcd_ex.c 0x00000000   Number         0  stm32f1xx_hal_pcd_ex.o ABSOLUTE
    ..\Drivers\STM32F1xx_HAL_Driver\Src\stm32f1xx_hal_pwr.c 0x00000000   Number         0  stm32f1xx_hal_pwr.o ABSOLUTE
    ..\Drivers\STM32F1xx_HAL_Driver\Src\stm32f1xx_hal_rcc.c 0x00000000   Number         0  stm32f1xx_hal_rcc.o ABSOLUTE
    ..\Drivers\STM32F1xx_HAL_Driver\Src\stm32f1xx_hal_rcc_ex.c 0x00000000   Number         0  stm32f1xx_hal_rcc_ex.o ABSOLUTE
    ..\Drivers\STM32F1xx_HAL_Driver\Src\stm32f1xx_hal_tim.c 0x00000000   Number         0  stm32f1xx_hal_tim.o ABSOLUTE
    ..\Drivers\STM32F1xx_HAL_Driver\Src\stm32f1xx_hal_tim_ex.c 0x00000000   Number         0  stm32f1xx_hal_tim_ex.o ABSOLUTE
    ..\Drivers\STM32F1xx_HAL_Driver\Src\stm32f1xx_ll_usb.c 0x00000000   Number         0  stm32f1xx_ll_usb.o ABSOLUTE
    ..\Middlewares\ST\STM32_USB_Device_Library\Class\CustomHID\Src\usbd_customhid.c 0x00000000   Number         0  usbd_customhid.o ABSOLUTE
    ..\Middlewares\ST\STM32_USB_Device_Library\Core\Src\usbd_core.c 0x00000000   Number         0  usbd_core.o ABSOLUTE
    ..\Middlewares\ST\STM32_USB_Device_Library\Core\Src\usbd_ctlreq.c 0x00000000   Number         0  usbd_ctlreq.o ABSOLUTE
    ..\Middlewares\ST\STM32_USB_Device_Library\Core\Src\usbd_ioreq.c 0x00000000   Number         0  usbd_ioreq.o ABSOLUTE
    ..\Src\adc.c                             0x00000000   Number         0  adc.o ABSOLUTE
    ..\Src\adc_dma.c                         0x00000000   Number         0  adc_dma.o ABSOLUTE
    ..\Src\crc16.c                           0x00000000   Number         0  crc16.o ABSOLUTE
    ..\Src\dma.c                             0x00000000   Number         0  dma.o ABSOLUTE
    ..\Src\gpio.c                            0x00000000   Number         0  gpio.o ABSOLUTE
    ..\Src\main.c                            0x00000000   Number         0  main.o ABSOLUTE
    ..\Src\protocol.c                        0x00000000   Number         0  protocol.o ABSOLUTE
    ..\Src\stm32f1xx_hal_msp.c               0x00000000   Number         0  stm32f1xx_hal_msp.o ABSOLUTE
    ..\Src\stm32f1xx_hal_timebase_TIM.c      0x00000000   Number         0  stm32f1xx_hal_timebase_tim.o ABSOLUTE
    ..\Src\stm32f1xx_it.c                    0x00000000   Number         0  stm32f1xx_it.o ABSOLUTE
    ..\Src\tim.c                             0x00000000   Number         0  tim.o ABSOLUTE
    ..\Src\usb_device.c                      0x00000000   Number         0  usb_device.o ABSOLUTE
    ..\Src\usbd_conf.c                       0x00000000   Number         0  usbd_conf.o ABSOLUTE
    ..\Src\usbd_custom_hid_if.c              0x00000000   Number         0  usbd_custom_hid_if.o ABSOLUTE
    ..\Src\usbd_desc.c                       0x00000000   Number         0  usbd_desc.o ABSOLUTE
    ..\Src\usbd_pack.c                       0x00000000   Number         0  usbd_pack.o ABSOLUTE
    ..\\Src\\adc_dma.c                       0x00000000   Number         0  adc_dma.o ABSOLUTE
    ..\\Src\\crc16.c                         0x00000000   Number         0  crc16.o ABSOLUTE
    ..\\Src\\protocol.c                      0x00000000   Number         0  protocol.o ABSOLUTE
    ..\\Src\\usbd_pack.c                     0x00000000   Number         0  usbd_pack.o ABSOLUTE
    ..\\Src\system_stm32f1xx.c               0x00000000   Number         0  system_stm32f1xx.o ABSOLUTE
    cfcmple.s                                0x00000000   Number         0  cfcmple.o ABSOLUTE
    cfrcmple.s                               0x00000000   Number         0  cfrcmple.o ABSOLUTE
    dc.s                                     0x00000000   Number         0  dc.o ABSOLUTE
    handlers.s                               0x00000000   Number         0  handlers.o ABSOLUTE
    init.s                                   0x00000000   Number         0  init.o ABSOLUTE
    startup_stm32f103xe.s                    0x00000000   Number         0  startup_stm32f103xe.o ABSOLUTE
    RESET                                    0x08000000   Section      304  startup_stm32f103xe.o(RESET)
    .ARM.Collect$$$$00000000                 0x08000130   Section        0  entry.o(.ARM.Collect$$$$00000000)
    .ARM.Collect$$$$00000001                 0x08000130   Section        4  entry2.o(.ARM.Collect$$$$00000001)
    .ARM.Collect$$$$00000004                 0x08000134   Section        4  entry5.o(.ARM.Collect$$$$00000004)
    .ARM.Collect$$$$00000008                 0x08000138   Section        0  entry7b.o(.ARM.Collect$$$$00000008)
    .ARM.Collect$$$$0000000A                 0x08000138   Section        0  entry8b.o(.ARM.Collect$$$$0000000A)
    .ARM.Collect$$$$0000000B                 0x08000138   Section        8  entry9a.o(.ARM.Collect$$$$0000000B)
    .ARM.Collect$$$$0000000D                 0x08000140   Section        0  entry10a.o(.ARM.Collect$$$$0000000D)
    .ARM.Collect$$$$0000000F                 0x08000140   Section        0  entry11a.o(.ARM.Collect$$$$0000000F)
    .ARM.Collect$$$$00002712                 0x08000140   Section        4  entry2.o(.ARM.Collect$$$$00002712)
    __lit__00000000                          0x08000140   Data           4  entry2.o(.ARM.Collect$$$$00002712)
    .text                                    0x08000144   Section       36  startup_stm32f103xe.o(.text)
    .text                                    0x08000168   Section        0  memcpya.o(.text)
    .text                                    0x0800018c   Section        0  memseta.o(.text)
    .text                                    0x080001b0   Section       20  cfcmple.o(.text)
    .text                                    0x080001c4   Section       20  cfrcmple.o(.text)
    .text                                    0x080001d8   Section       36  init.o(.text)
    .text                                    0x080001d8   Section        0  iusefp.o(.text)
    .text                                    0x080001fc   Section        0  __dczerorl2.o(.text)
    i.ADC_ConversionStop_Disable             0x08000254   Section        0  stm32f1xx_hal_adc.o(i.ADC_ConversionStop_Disable)
    i.ADC_DMAConvCplt                        0x080002a0   Section        0  stm32f1xx_hal_adc.o(i.ADC_DMAConvCplt)
    i.ADC_DMAError                           0x080002ee   Section        0  stm32f1xx_hal_adc.o(i.ADC_DMAError)
    i.ADC_DMAHalfConvCplt                    0x08000308   Section        0  stm32f1xx_hal_adc.o(i.ADC_DMAHalfConvCplt)
    i.ADC_Enable                             0x08000314   Section        0  stm32f1xx_hal_adc.o(i.ADC_Enable)
    i.BusFault_Handler                       0x08000384   Section        0  stm32f1xx_it.o(i.BusFault_Handler)
    i.CUSTOM_HID_DeInit_FS                   0x08000386   Section        0  usbd_custom_hid_if.o(i.CUSTOM_HID_DeInit_FS)
    CUSTOM_HID_DeInit_FS                     0x08000387   Thumb Code     4  usbd_custom_hid_if.o(i.CUSTOM_HID_DeInit_FS)
    i.CUSTOM_HID_Init_FS                     0x0800038a   Section        0  usbd_custom_hid_if.o(i.CUSTOM_HID_Init_FS)
    CUSTOM_HID_Init_FS                       0x0800038b   Thumb Code     4  usbd_custom_hid_if.o(i.CUSTOM_HID_Init_FS)
    i.CUSTOM_HID_OutEvent_FS                 0x08000390   Section        0  usbd_custom_hid_if.o(i.CUSTOM_HID_OutEvent_FS)
    CUSTOM_HID_OutEvent_FS                   0x08000391   Thumb Code    10  usbd_custom_hid_if.o(i.CUSTOM_HID_OutEvent_FS)
    i.DMA1_Channel1_IRQHandler               0x080003a0   Section        0  stm32f1xx_it.o(i.DMA1_Channel1_IRQHandler)
    i.DMA_SetConfig                          0x080003ac   Section        0  stm32f1xx_hal_dma.o(i.DMA_SetConfig)
    DMA_SetConfig                            0x080003ad   Thumb Code    42  stm32f1xx_hal_dma.o(i.DMA_SetConfig)
    i.DebugMon_Handler                       0x080003d6   Section        0  stm32f1xx_it.o(i.DebugMon_Handler)
    i.HAL_ADC_ConfigChannel                  0x080003d8   Section        0  stm32f1xx_hal_adc.o(i.HAL_ADC_ConfigChannel)
    i.HAL_ADC_ConvCpltCallback               0x080004d4   Section        0  stm32f1xx_hal_adc.o(i.HAL_ADC_ConvCpltCallback)
    i.HAL_ADC_ConvHalfCpltCallback           0x080004d6   Section        0  stm32f1xx_hal_adc.o(i.HAL_ADC_ConvHalfCpltCallback)
    i.HAL_ADC_ErrorCallback                  0x080004d8   Section        0  stm32f1xx_hal_adc.o(i.HAL_ADC_ErrorCallback)
    i.HAL_ADC_Init                           0x080004dc   Section        0  stm32f1xx_hal_adc.o(i.HAL_ADC_Init)
    i.HAL_ADC_MspInit                        0x08000600   Section        0  adc.o(i.HAL_ADC_MspInit)
    i.HAL_ADC_Start_DMA                      0x080006a0   Section        0  stm32f1xx_hal_adc.o(i.HAL_ADC_Start_DMA)
    i.HAL_DMA_IRQHandler                     0x080007ac   Section        0  stm32f1xx_hal_dma.o(i.HAL_DMA_IRQHandler)
    i.HAL_DMA_Init                           0x080009f4   Section        0  stm32f1xx_hal_dma.o(i.HAL_DMA_Init)
    i.HAL_DMA_Start_IT                       0x08000a78   Section        0  stm32f1xx_hal_dma.o(i.HAL_DMA_Start_IT)
    i.HAL_GPIO_Init                          0x08000ae8   Section        0  stm32f1xx_hal_gpio.o(i.HAL_GPIO_Init)
    i.HAL_GetTick                            0x08000cd0   Section        0  stm32f1xx_hal.o(i.HAL_GetTick)
    i.HAL_IncTick                            0x08000cdc   Section        0  stm32f1xx_hal.o(i.HAL_IncTick)
    i.HAL_Init                               0x08000cec   Section        0  stm32f1xx_hal.o(i.HAL_Init)
    i.HAL_InitTick                           0x08000d10   Section        0  stm32f1xx_hal_timebase_tim.o(i.HAL_InitTick)
    i.HAL_MspInit                            0x08000d84   Section        0  stm32f1xx_hal_msp.o(i.HAL_MspInit)
    i.HAL_NVIC_EnableIRQ                     0x08000e04   Section        0  stm32f1xx_hal_cortex.o(i.HAL_NVIC_EnableIRQ)
    i.HAL_NVIC_SetPriority                   0x08000e1c   Section        0  stm32f1xx_hal_cortex.o(i.HAL_NVIC_SetPriority)
    i.HAL_NVIC_SetPriorityGrouping           0x08000e5c   Section        0  stm32f1xx_hal_cortex.o(i.HAL_NVIC_SetPriorityGrouping)
    i.HAL_PCDEx_PMAConfig                    0x08000e80   Section        0  stm32f1xx_hal_pcd_ex.o(i.HAL_PCDEx_PMAConfig)
    i.HAL_PCDEx_SetConnectionState           0x08000eb4   Section        0  usbd_conf.o(i.HAL_PCDEx_SetConnectionState)
    i.HAL_PCD_DataInStageCallback            0x08000eb6   Section        0  usbd_conf.o(i.HAL_PCD_DataInStageCallback)
    i.HAL_PCD_DataOutStageCallback           0x08000ec4   Section        0  usbd_conf.o(i.HAL_PCD_DataOutStageCallback)
    i.HAL_PCD_EP_Close                       0x08000ed4   Section        0  stm32f1xx_hal_pcd.o(i.HAL_PCD_EP_Close)
    i.HAL_PCD_EP_ClrStall                    0x08000f14   Section        0  stm32f1xx_hal_pcd.o(i.HAL_PCD_EP_ClrStall)
    i.HAL_PCD_EP_Open                        0x08000f5c   Section        0  stm32f1xx_hal_pcd.o(i.HAL_PCD_EP_Open)
    i.HAL_PCD_EP_Receive                     0x08000fa0   Section        0  stm32f1xx_hal_pcd.o(i.HAL_PCD_EP_Receive)
    i.HAL_PCD_EP_SetStall                    0x08000fce   Section        0  stm32f1xx_hal_pcd.o(i.HAL_PCD_EP_SetStall)
    i.HAL_PCD_EP_Transmit                    0x08001024   Section        0  stm32f1xx_hal_pcd.o(i.HAL_PCD_EP_Transmit)
    i.HAL_PCD_IRQHandler                     0x0800104e   Section        0  stm32f1xx_hal_pcd.o(i.HAL_PCD_IRQHandler)
    i.HAL_PCD_Init                           0x0800115c   Section        0  stm32f1xx_hal_pcd.o(i.HAL_PCD_Init)
    i.HAL_PCD_MspInit                        0x0800121c   Section        0  usbd_conf.o(i.HAL_PCD_MspInit)
    i.HAL_PCD_ResetCallback                  0x08001268   Section        0  usbd_conf.o(i.HAL_PCD_ResetCallback)
    i.HAL_PCD_ResumeCallback                 0x08001282   Section        0  usbd_conf.o(i.HAL_PCD_ResumeCallback)
    i.HAL_PCD_SOFCallback                    0x0800128a   Section        0  usbd_conf.o(i.HAL_PCD_SOFCallback)
    i.HAL_PCD_SetAddress                     0x08001292   Section        0  stm32f1xx_hal_pcd.o(i.HAL_PCD_SetAddress)
    i.HAL_PCD_SetupStageCallback             0x080012ba   Section        0  usbd_conf.o(i.HAL_PCD_SetupStageCallback)
    i.HAL_PCD_Start                          0x080012c8   Section        0  stm32f1xx_hal_pcd.o(i.HAL_PCD_Start)
    i.HAL_PCD_SuspendCallback                0x080012fc   Section        0  usbd_conf.o(i.HAL_PCD_SuspendCallback)
    i.HAL_RCCEx_PeriphCLKConfig              0x08001320   Section        0  stm32f1xx_hal_rcc_ex.o(i.HAL_RCCEx_PeriphCLKConfig)
    i.HAL_RCC_ClockConfig                    0x0800140c   Section        0  stm32f1xx_hal_rcc.o(i.HAL_RCC_ClockConfig)
    i.HAL_RCC_GetClockConfig                 0x08001560   Section        0  stm32f1xx_hal_rcc.o(i.HAL_RCC_GetClockConfig)
    i.HAL_RCC_GetHCLKFreq                    0x080015a0   Section        0  stm32f1xx_hal_rcc.o(i.HAL_RCC_GetHCLKFreq)
    i.HAL_RCC_GetPCLK2Freq                   0x080015ac   Section        0  stm32f1xx_hal_rcc.o(i.HAL_RCC_GetPCLK2Freq)
    i.HAL_RCC_GetSysClockFreq                0x080015cc   Section        0  stm32f1xx_hal_rcc.o(i.HAL_RCC_GetSysClockFreq)
    i.HAL_RCC_OscConfig                      0x08001638   Section        0  stm32f1xx_hal_rcc.o(i.HAL_RCC_OscConfig)
    i.HAL_SYSTICK_CLKSourceConfig            0x0800193c   Section        0  stm32f1xx_hal_cortex.o(i.HAL_SYSTICK_CLKSourceConfig)
    i.HAL_SYSTICK_Callback                   0x08001954   Section        0  stm32f1xx_hal_cortex.o(i.HAL_SYSTICK_Callback)
    i.HAL_SYSTICK_Config                     0x08001956   Section        0  stm32f1xx_hal_cortex.o(i.HAL_SYSTICK_Config)
    i.HAL_SYSTICK_IRQHandler                 0x0800197e   Section        0  stm32f1xx_hal_cortex.o(i.HAL_SYSTICK_IRQHandler)
    i.HAL_TIMEx_BreakCallback                0x08001986   Section        0  stm32f1xx_hal_tim_ex.o(i.HAL_TIMEx_BreakCallback)
    i.HAL_TIMEx_CommutationCallback          0x08001988   Section        0  stm32f1xx_hal_tim_ex.o(i.HAL_TIMEx_CommutationCallback)
    i.HAL_TIMEx_MasterConfigSynchronization  0x0800198a   Section        0  stm32f1xx_hal_tim_ex.o(i.HAL_TIMEx_MasterConfigSynchronization)
    i.HAL_TIM_Base_Init                      0x080019da   Section        0  stm32f1xx_hal_tim.o(i.HAL_TIM_Base_Init)
    i.HAL_TIM_Base_MspInit                   0x08001a10   Section        0  tim.o(i.HAL_TIM_Base_MspInit)
    i.HAL_TIM_Base_Start_IT                  0x08001a4c   Section        0  stm32f1xx_hal_tim.o(i.HAL_TIM_Base_Start_IT)
    i.HAL_TIM_IC_CaptureCallback             0x08001a64   Section        0  stm32f1xx_hal_tim.o(i.HAL_TIM_IC_CaptureCallback)
    i.HAL_TIM_IRQHandler                     0x08001a66   Section        0  stm32f1xx_hal_tim.o(i.HAL_TIM_IRQHandler)
    i.HAL_TIM_OC_DelayElapsedCallback        0x08001bcc   Section        0  stm32f1xx_hal_tim.o(i.HAL_TIM_OC_DelayElapsedCallback)
    i.HAL_TIM_PWM_PulseFinishedCallback      0x08001bce   Section        0  stm32f1xx_hal_tim.o(i.HAL_TIM_PWM_PulseFinishedCallback)
    i.HAL_TIM_PeriodElapsedCallback          0x08001bd0   Section        0  main.o(i.HAL_TIM_PeriodElapsedCallback)
    i.HAL_TIM_TriggerCallback                0x08001be4   Section        0  stm32f1xx_hal_tim.o(i.HAL_TIM_TriggerCallback)
    i.HardFault_Handler                      0x08001be6   Section        0  stm32f1xx_it.o(i.HardFault_Handler)
    i.LimitRange                             0x08001be8   Section        0  adc_dma.o(i.LimitRange)
    i.MX_ADC1_Init                           0x08001c10   Section        0  adc.o(i.MX_ADC1_Init)
    i.MX_DMA_Init                            0x08001cc0   Section        0  dma.o(i.MX_DMA_Init)
    i.MX_GPIO_Init                           0x08001cec   Section        0  gpio.o(i.MX_GPIO_Init)
    i.MX_TIM6_Init                           0x08001d28   Section        0  tim.o(i.MX_TIM6_Init)
    i.MX_USB_DEVICE_Init                     0x08001d80   Section        0  usb_device.o(i.MX_USB_DEVICE_Init)
    i.MemManage_Handler                      0x08001db8   Section        0  stm32f1xx_it.o(i.MemManage_Handler)
    i.NMI_Handler                            0x08001dba   Section        0  stm32f1xx_it.o(i.NMI_Handler)
    i.NVIC_SetPriority                       0x08001dbc   Section        0  stm32f1xx_hal_cortex.o(i.NVIC_SetPriority)
    NVIC_SetPriority                         0x08001dbd   Thumb Code    32  stm32f1xx_hal_cortex.o(i.NVIC_SetPriority)
    i.PCD_EP_ISR_Handler                     0x08001ddc   Section        0  stm32f1xx_hal_pcd.o(i.PCD_EP_ISR_Handler)
    PCD_EP_ISR_Handler                       0x08001ddd   Thumb Code   866  stm32f1xx_hal_pcd.o(i.PCD_EP_ISR_Handler)
    i.PendSV_Handler                         0x0800213e   Section        0  stm32f1xx_it.o(i.PendSV_Handler)
    i.SVC_Handler                            0x08002140   Section        0  stm32f1xx_it.o(i.SVC_Handler)
    i.SysTick_Handler                        0x08002142   Section        0  stm32f1xx_it.o(i.SysTick_Handler)
    i.SystemClock_Config                     0x08002146   Section        0  main.o(i.SystemClock_Config)
    i.SystemInit                             0x080021c4   Section        0  system_stm32f1xx.o(i.SystemInit)
    i.TIM1_UP_IRQHandler                     0x0800220c   Section        0  stm32f1xx_it.o(i.TIM1_UP_IRQHandler)
    i.TIM6_IRQHandler                        0x08002218   Section        0  stm32f1xx_it.o(i.TIM6_IRQHandler)
    i.TIM_Base_SetConfig                     0x08002224   Section        0  stm32f1xx_hal_tim.o(i.TIM_Base_SetConfig)
    i.USBD_CUSTOM_HID_DataIn                 0x080022b0   Section        0  usbd_customhid.o(i.USBD_CUSTOM_HID_DataIn)
    USBD_CUSTOM_HID_DataIn                   0x080022b1   Thumb Code    14  usbd_customhid.o(i.USBD_CUSTOM_HID_DataIn)
    i.USBD_CUSTOM_HID_DataOut                0x080022be   Section        0  usbd_customhid.o(i.USBD_CUSTOM_HID_DataOut)
    USBD_CUSTOM_HID_DataOut                  0x080022bf   Thumb Code    36  usbd_customhid.o(i.USBD_CUSTOM_HID_DataOut)
    i.USBD_CUSTOM_HID_DeInit                 0x080022e2   Section        0  usbd_customhid.o(i.USBD_CUSTOM_HID_DeInit)
    USBD_CUSTOM_HID_DeInit                   0x080022e3   Thumb Code    50  usbd_customhid.o(i.USBD_CUSTOM_HID_DeInit)
    i.USBD_CUSTOM_HID_EP0_RxReady            0x08002314   Section        0  usbd_customhid.o(i.USBD_CUSTOM_HID_EP0_RxReady)
    USBD_CUSTOM_HID_EP0_RxReady              0x08002315   Thumb Code    34  usbd_customhid.o(i.USBD_CUSTOM_HID_EP0_RxReady)
    i.USBD_CUSTOM_HID_GetCfgDesc             0x08002338   Section        0  usbd_customhid.o(i.USBD_CUSTOM_HID_GetCfgDesc)
    USBD_CUSTOM_HID_GetCfgDesc               0x08002339   Thumb Code     8  usbd_customhid.o(i.USBD_CUSTOM_HID_GetCfgDesc)
    i.USBD_CUSTOM_HID_GetDeviceQualifierDesc 0x08002344   Section        0  usbd_customhid.o(i.USBD_CUSTOM_HID_GetDeviceQualifierDesc)
    USBD_CUSTOM_HID_GetDeviceQualifierDesc   0x08002345   Thumb Code     8  usbd_customhid.o(i.USBD_CUSTOM_HID_GetDeviceQualifierDesc)
    i.USBD_CUSTOM_HID_Init                   0x08002350   Section        0  usbd_customhid.o(i.USBD_CUSTOM_HID_Init)
    USBD_CUSTOM_HID_Init                     0x08002351   Thumb Code    76  usbd_customhid.o(i.USBD_CUSTOM_HID_Init)
    i.USBD_CUSTOM_HID_RegisterInterface      0x0800239c   Section        0  usbd_customhid.o(i.USBD_CUSTOM_HID_RegisterInterface)
    i.USBD_CUSTOM_HID_SendReport             0x080023ac   Section        0  usbd_customhid.o(i.USBD_CUSTOM_HID_SendReport)
    i.USBD_CUSTOM_HID_Setup                  0x080023d4   Section        0  usbd_customhid.o(i.USBD_CUSTOM_HID_Setup)
    USBD_CUSTOM_HID_Setup                    0x080023d5   Thumb Code   180  usbd_customhid.o(i.USBD_CUSTOM_HID_Setup)
    i.USBD_ClrClassConfig                    0x0800248c   Section        0  usbd_core.o(i.USBD_ClrClassConfig)
    i.USBD_CtlContinueRx                     0x0800249a   Section        0  usbd_ioreq.o(i.USBD_CtlContinueRx)
    i.USBD_CtlContinueSendData               0x080024aa   Section        0  usbd_ioreq.o(i.USBD_CtlContinueSendData)
    i.USBD_CtlError                          0x080024ba   Section        0  usbd_ctlreq.o(i.USBD_CtlError)
    i.USBD_CtlPrepareRx                      0x080024d0   Section        0  usbd_ioreq.o(i.USBD_CtlPrepareRx)
    i.USBD_CtlReceiveStatus                  0x080024ee   Section        0  usbd_ioreq.o(i.USBD_CtlReceiveStatus)
    i.USBD_CtlSendData                       0x08002504   Section        0  usbd_ioreq.o(i.USBD_CtlSendData)
    i.USBD_CtlSendStatus                     0x0800251e   Section        0  usbd_ioreq.o(i.USBD_CtlSendStatus)
    i.USBD_FS_ConfigStrDescriptor            0x08002534   Section        0  usbd_desc.o(i.USBD_FS_ConfigStrDescriptor)
    i.USBD_FS_DeviceDescriptor               0x0800255c   Section        0  usbd_desc.o(i.USBD_FS_DeviceDescriptor)
    i.USBD_FS_InterfaceStrDescriptor         0x08002568   Section        0  usbd_desc.o(i.USBD_FS_InterfaceStrDescriptor)
    i.USBD_FS_LangIDStrDescriptor            0x08002594   Section        0  usbd_desc.o(i.USBD_FS_LangIDStrDescriptor)
    i.USBD_FS_ManufacturerStrDescriptor      0x080025a0   Section        0  usbd_desc.o(i.USBD_FS_ManufacturerStrDescriptor)
    i.USBD_FS_ProductStrDescriptor           0x080025c4   Section        0  usbd_desc.o(i.USBD_FS_ProductStrDescriptor)
    i.USBD_FS_SerialStrDescriptor            0x080025f8   Section        0  usbd_desc.o(i.USBD_FS_SerialStrDescriptor)
    i.USBD_GetDescriptor                     0x0800261c   Section        0  usbd_ctlreq.o(i.USBD_GetDescriptor)
    USBD_GetDescriptor                       0x0800261d   Thumb Code   242  usbd_ctlreq.o(i.USBD_GetDescriptor)
    i.USBD_GetString                         0x0800270e   Section        0  usbd_ctlreq.o(i.USBD_GetString)
    i.USBD_Init                              0x08002754   Section        0  usbd_core.o(i.USBD_Init)
    i.USBD_LL_ClearStallEP                   0x0800277e   Section        0  usbd_conf.o(i.USBD_LL_ClearStallEP)
    i.USBD_LL_CloseEP                        0x0800279e   Section        0  usbd_conf.o(i.USBD_LL_CloseEP)
    i.USBD_LL_DataInStage                    0x080027be   Section        0  usbd_core.o(i.USBD_LL_DataInStage)
    i.USBD_LL_DataOutStage                   0x08002868   Section        0  usbd_core.o(i.USBD_LL_DataOutStage)
    i.USBD_LL_Init                           0x080028d4   Section        0  usbd_conf.o(i.USBD_LL_Init)
    i.USBD_LL_IsStallEP                      0x08002960   Section        0  usbd_conf.o(i.USBD_LL_IsStallEP)
    i.USBD_LL_OpenEP                         0x0800297c   Section        0  usbd_conf.o(i.USBD_LL_OpenEP)
    i.USBD_LL_PrepareReceive                 0x080029a2   Section        0  usbd_conf.o(i.USBD_LL_PrepareReceive)
    i.USBD_LL_Reset                          0x080029c2   Section        0  usbd_core.o(i.USBD_LL_Reset)
    i.USBD_LL_Resume                         0x08002a00   Section        0  usbd_core.o(i.USBD_LL_Resume)
    i.USBD_LL_SOF                            0x08002a0c   Section        0  usbd_core.o(i.USBD_LL_SOF)
    i.USBD_LL_SetSpeed                       0x08002a24   Section        0  usbd_core.o(i.USBD_LL_SetSpeed)
    i.USBD_LL_SetUSBAddress                  0x08002a2a   Section        0  usbd_conf.o(i.USBD_LL_SetUSBAddress)
    i.USBD_LL_SetupStage                     0x08002a4a   Section        0  usbd_core.o(i.USBD_LL_SetupStage)
    i.USBD_LL_StallEP                        0x08002aa4   Section        0  usbd_conf.o(i.USBD_LL_StallEP)
    i.USBD_LL_Start                          0x08002ac4   Section        0  usbd_conf.o(i.USBD_LL_Start)
    i.USBD_LL_Suspend                        0x08002ae4   Section        0  usbd_core.o(i.USBD_LL_Suspend)
    i.USBD_LL_Transmit                       0x08002af6   Section        0  usbd_conf.o(i.USBD_LL_Transmit)
    i.USBD_ParseSetupRequest                 0x08002b16   Section        0  usbd_ctlreq.o(i.USBD_ParseSetupRequest)
    i.USBD_RegisterClass                     0x08002b3e   Section        0  usbd_core.o(i.USBD_RegisterClass)
    i.USBD_SetClassConfig                    0x08002b4e   Section        0  usbd_core.o(i.USBD_SetClassConfig)
    i.USBD_SetConfig                         0x08002b64   Section        0  usbd_ctlreq.o(i.USBD_SetConfig)
    USBD_SetConfig                           0x08002b65   Thumb Code   110  usbd_ctlreq.o(i.USBD_SetConfig)
    i.USBD_Start                             0x08002bd8   Section        0  usbd_core.o(i.USBD_Start)
    i.USBD_StdDevReq                         0x08002be2   Section        0  usbd_ctlreq.o(i.USBD_StdDevReq)
    i.USBD_StdEPReq                          0x08002cd4   Section        0  usbd_ctlreq.o(i.USBD_StdEPReq)
    i.USBD_StdItfReq                         0x08002db0   Section        0  usbd_ctlreq.o(i.USBD_StdItfReq)
    i.USBD_static_free                       0x08002de4   Section        0  usbd_conf.o(i.USBD_static_free)
    i.USBD_static_malloc                     0x08002de8   Section        0  usbd_conf.o(i.USBD_static_malloc)
    i.USB_ActivateEndpoint                   0x08002df0   Section        0  stm32f1xx_ll_usb.o(i.USB_ActivateEndpoint)
    i.USB_CoreInit                           0x0800304c   Section        0  stm32f1xx_ll_usb.o(i.USB_CoreInit)
    i.USB_DeactivateEndpoint                 0x08003050   Section        0  stm32f1xx_ll_usb.o(i.USB_DeactivateEndpoint)
    i.USB_DevConnect                         0x08003174   Section        0  stm32f1xx_ll_usb.o(i.USB_DevConnect)
    i.USB_DevDisconnect                      0x08003178   Section        0  stm32f1xx_ll_usb.o(i.USB_DevDisconnect)
    i.USB_DevInit                            0x0800317c   Section        0  stm32f1xx_ll_usb.o(i.USB_DevInit)
    i.USB_DisableGlobalInt                   0x0800319a   Section        0  stm32f1xx_ll_usb.o(i.USB_DisableGlobalInt)
    i.USB_EP0_OutStart                       0x080031a8   Section        0  stm32f1xx_ll_usb.o(i.USB_EP0_OutStart)
    i.USB_EPClearStall                       0x080031ac   Section        0  stm32f1xx_ll_usb.o(i.USB_EPClearStall)
    i.USB_EPSetStall                         0x08003216   Section        0  stm32f1xx_ll_usb.o(i.USB_EPSetStall)
    i.USB_EPStartXfer                        0x08003260   Section        0  stm32f1xx_ll_usb.o(i.USB_EPStartXfer)
    i.USB_EnableGlobalInt                    0x0800340a   Section        0  stm32f1xx_ll_usb.o(i.USB_EnableGlobalInt)
    i.USB_GetData                            0x08003418   Section        0  usbd_pack.o(i.USB_GetData)
    i.USB_HP_CAN1_TX_IRQHandler              0x0800343c   Section        0  stm32f1xx_it.o(i.USB_HP_CAN1_TX_IRQHandler)
    i.USB_LP_CAN1_RX0_IRQHandler             0x08003448   Section        0  stm32f1xx_it.o(i.USB_LP_CAN1_RX0_IRQHandler)
    i.USB_Mission                            0x08003454   Section        0  usbd_pack.o(i.USB_Mission)
    i.USB_ReadInterrupts                     0x080034ac   Section        0  stm32f1xx_ll_usb.o(i.USB_ReadInterrupts)
    i.USB_ReadPMA                            0x080034b4   Section        0  stm32f1xx_ll_usb.o(i.USB_ReadPMA)
    i.USB_SendData                           0x080034d4   Section        0  usbd_pack.o(i.USB_SendData)
    i.USB_SetCurrentMode                     0x080034e4   Section        0  stm32f1xx_ll_usb.o(i.USB_SetCurrentMode)
    i.USB_SetDevAddress                      0x080034e8   Section        0  stm32f1xx_ll_usb.o(i.USB_SetDevAddress)
    i.USB_WritePMA                           0x080034f4   Section        0  stm32f1xx_ll_usb.o(i.USB_WritePMA)
    i.Update_ADC_Value                       0x0800351c   Section        0  adc_dma.o(i.Update_ADC_Value)
    i.UsageFault_Handler                     0x080035c8   Section        0  stm32f1xx_it.o(i.UsageFault_Handler)
    i._Error_Handler                         0x080035ca   Section        0  main.o(i._Error_Handler)
    i.__scatterload_copy                     0x080035cc   Section       14  handlers.o(i.__scatterload_copy)
    i.__scatterload_null                     0x080035da   Section        2  handlers.o(i.__scatterload_null)
    i.__scatterload_zeroinit                 0x080035dc   Section       14  handlers.o(i.__scatterload_zeroinit)
    i.main                                   0x080035ec   Section        0  main.o(i.main)
    .constdata                               0x08003624   Section       16  system_stm32f1xx.o(.constdata)
    .constdata                               0x08003634   Section        8  system_stm32f1xx.o(.constdata)
    .data                                    0x20000000   Section        1  usbd_custom_hid_if.o(.data)
    .data                                    0x20000004   Section       34  usbd_custom_hid_if.o(.data)
    CUSTOM_HID_ReportDesc_FS                 0x20000004   Data          34  usbd_custom_hid_if.o(.data)
    .data                                    0x20000028   Section       16  usbd_custom_hid_if.o(.data)
    .data                                    0x20000038   Section       28  usbd_desc.o(.data)
    .data                                    0x20000054   Section       22  usbd_desc.o(.data)
    .data                                    0x2000006c   Section       44  adc_dma.o(.data)
    isShort                                  0x2000006c   Data           1  adc_dma.o(.data)
    value_new                                0x2000006e   Data           2  adc_dma.o(.data)
    value_result                             0x20000070   Data           2  adc_dma.o(.data)
    .data                                    0x20000098   Section        1  usbd_pack.o(.data)
    usbSendVaildLength                       0x20000098   Data           1  usbd_pack.o(.data)
    .data                                    0x2000009c   Section        4  system_stm32f1xx.o(.data)
    .data                                    0x200000a0   Section        1  usbd_ctlreq.o(.data)
    cfgidx                                   0x200000a0   Data           1  usbd_ctlreq.o(.data)
    .data                                    0x200000a4   Section       60  usbd_customhid.o(.data)
    .data                                    0x200000e0   Section       66  usbd_customhid.o(.data)
    USBD_CUSTOM_HID_CfgDesc                  0x200000e0   Data          41  usbd_customhid.o(.data)
    USBD_CUSTOM_HID_Desc                     0x2000010c   Data           9  usbd_customhid.o(.data)
    USBD_CUSTOM_HID_DeviceQualifierDesc      0x20000118   Data          10  usbd_customhid.o(.data)
    .data                                    0x20000124   Section       12  stm32f1xx_hal.o(.data)
    .bss                                     0x20000130   Section      116  adc.o(.bss)
    .bss                                     0x200001a4   Section       64  stm32f1xx_hal_timebase_tim.o(.bss)
    .bss                                     0x200001e4   Section     1208  usbd_conf.o(.bss)
    mem                                      0x200001e4   Data          88  usbd_conf.o(.bss)
    .bss                                     0x2000069c   Section      512  usbd_desc.o(.bss)
    .bss                                     0x2000089c   Section      548  usb_device.o(.bss)
    .bss                                     0x20000ac0   Section       64  tim.o(.bss)
    .bss                                     0x20000b00   Section      160  adc_dma.o(.bss)
    .bss                                     0x20000ba0   Section       24  adc_dma.o(.bss)
    .bss                                     0x20000bb8   Section       64  usbd_pack.o(.bss)
    usbSendBuf                               0x20000bb8   Data          64  usbd_pack.o(.bss)
    STACK                                    0x20000bf8   Section     8192  startup_stm32f103xe.o(STACK)

    Global Symbols

    Symbol Name                              Value     Ov Type        Size  Object(Section)

    BuildAttributes$$THM_ISAv4$P$D$K$B$S$PE$A:L22UL41UL21$X:L11$S22US41US21$IEEE1$IW$USESV6$~STKCKD$USESV7$~SHL$OTIME$ROPI$EBA8$MICROLIB$REQ8$PRES8$EABIv2 0x00000000   Number         0  anon$$obj.o ABSOLUTE
    __ARM_use_no_argv                        0x00000000   Number         0  main.o ABSOLUTE
    __cpp_initialize__aeabi_                  - Undefined Weak Reference
    __cxa_finalize                            - Undefined Weak Reference
    _clock_init                               - Undefined Weak Reference
    _microlib_exit                            - Undefined Weak Reference
    __Vectors_Size                           0x00000130   Number         0  startup_stm32f103xe.o ABSOLUTE
    __Vectors                                0x08000000   Data           4  startup_stm32f103xe.o(RESET)
    __Vectors_End                            0x08000130   Data           0  startup_stm32f103xe.o(RESET)
    __main                                   0x08000131   Thumb Code     0  entry.o(.ARM.Collect$$$$00000000)
    _main_stk                                0x08000131   Thumb Code     0  entry2.o(.ARM.Collect$$$$00000001)
    _main_scatterload                        0x08000135   Thumb Code     0  entry5.o(.ARM.Collect$$$$00000004)
    __main_after_scatterload                 0x08000139   Thumb Code     0  entry5.o(.ARM.Collect$$$$00000004)
    _main_clock                              0x08000139   Thumb Code     0  entry7b.o(.ARM.Collect$$$$00000008)
    _main_cpp_init                           0x08000139   Thumb Code     0  entry8b.o(.ARM.Collect$$$$0000000A)
    _main_init                               0x08000139   Thumb Code     0  entry9a.o(.ARM.Collect$$$$0000000B)
    __rt_final_cpp                           0x08000141   Thumb Code     0  entry10a.o(.ARM.Collect$$$$0000000D)
    __rt_final_exit                          0x08000141   Thumb Code     0  entry11a.o(.ARM.Collect$$$$0000000F)
    Reset_Handler                            0x08000145   Thumb Code     8  startup_stm32f103xe.o(.text)
    ADC1_2_IRQHandler                        0x0800015f   Thumb Code     0  startup_stm32f103xe.o(.text)
    ADC3_IRQHandler                          0x0800015f   Thumb Code     0  startup_stm32f103xe.o(.text)
    CAN1_RX1_IRQHandler                      0x0800015f   Thumb Code     0  startup_stm32f103xe.o(.text)
    CAN1_SCE_IRQHandler                      0x0800015f   Thumb Code     0  startup_stm32f103xe.o(.text)
    DMA1_Channel2_IRQHandler                 0x0800015f   Thumb Code     0  startup_stm32f103xe.o(.text)
    DMA1_Channel3_IRQHandler                 0x0800015f   Thumb Code     0  startup_stm32f103xe.o(.text)
    DMA1_Channel4_IRQHandler                 0x0800015f   Thumb Code     0  startup_stm32f103xe.o(.text)
    DMA1_Channel5_IRQHandler                 0x0800015f   Thumb Code     0  startup_stm32f103xe.o(.text)
    DMA1_Channel6_IRQHandler                 0x0800015f   Thumb Code     0  startup_stm32f103xe.o(.text)
    DMA1_Channel7_IRQHandler                 0x0800015f   Thumb Code     0  startup_stm32f103xe.o(.text)
    DMA2_Channel1_IRQHandler                 0x0800015f   Thumb Code     0  startup_stm32f103xe.o(.text)
    DMA2_Channel2_IRQHandler                 0x0800015f   Thumb Code     0  startup_stm32f103xe.o(.text)
    DMA2_Channel3_IRQHandler                 0x0800015f   Thumb Code     0  startup_stm32f103xe.o(.text)
    DMA2_Channel4_5_IRQHandler               0x0800015f   Thumb Code     0  startup_stm32f103xe.o(.text)
    EXTI0_IRQHandler                         0x0800015f   Thumb Code     0  startup_stm32f103xe.o(.text)
    EXTI15_10_IRQHandler                     0x0800015f   Thumb Code     0  startup_stm32f103xe.o(.text)
    EXTI1_IRQHandler                         0x0800015f   Thumb Code     0  startup_stm32f103xe.o(.text)
    EXTI2_IRQHandler                         0x0800015f   Thumb Code     0  startup_stm32f103xe.o(.text)
    EXTI3_IRQHandler                         0x0800015f   Thumb Code     0  startup_stm32f103xe.o(.text)
    EXTI4_IRQHandler                         0x0800015f   Thumb Code     0  startup_stm32f103xe.o(.text)
    EXTI9_5_IRQHandler                       0x0800015f   Thumb Code     0  startup_stm32f103xe.o(.text)
    FLASH_IRQHandler                         0x0800015f   Thumb Code     0  startup_stm32f103xe.o(.text)
    FSMC_IRQHandler                          0x0800015f   Thumb Code     0  startup_stm32f103xe.o(.text)
    I2C1_ER_IRQHandler                       0x0800015f   Thumb Code     0  startup_stm32f103xe.o(.text)
    I2C1_EV_IRQHandler                       0x0800015f   Thumb Code     0  startup_stm32f103xe.o(.text)
    I2C2_ER_IRQHandler                       0x0800015f   Thumb Code     0  startup_stm32f103xe.o(.text)
    I2C2_EV_IRQHandler                       0x0800015f   Thumb Code     0  startup_stm32f103xe.o(.text)
    PVD_IRQHandler                           0x0800015f   Thumb Code     0  startup_stm32f103xe.o(.text)
    RCC_IRQHandler                           0x0800015f   Thumb Code     0  startup_stm32f103xe.o(.text)
    RTC_Alarm_IRQHandler                     0x0800015f   Thumb Code     0  startup_stm32f103xe.o(.text)
    RTC_IRQHandler                           0x0800015f   Thumb Code     0  startup_stm32f103xe.o(.text)
    SDIO_IRQHandler                          0x0800015f   Thumb Code     0  startup_stm32f103xe.o(.text)
    SPI1_IRQHandler                          0x0800015f   Thumb Code     0  startup_stm32f103xe.o(.text)
    SPI2_IRQHandler                          0x0800015f   Thumb Code     0  startup_stm32f103xe.o(.text)
    SPI3_IRQHandler                          0x0800015f   Thumb Code     0  startup_stm32f103xe.o(.text)
    TAMPER_IRQHandler                        0x0800015f   Thumb Code     0  startup_stm32f103xe.o(.text)
    TIM1_BRK_IRQHandler                      0x0800015f   Thumb Code     0  startup_stm32f103xe.o(.text)
    TIM1_CC_IRQHandler                       0x0800015f   Thumb Code     0  startup_stm32f103xe.o(.text)
    TIM1_TRG_COM_IRQHandler                  0x0800015f   Thumb Code     0  startup_stm32f103xe.o(.text)
    TIM2_IRQHandler                          0x0800015f   Thumb Code     0  startup_stm32f103xe.o(.text)
    TIM3_IRQHandler                          0x0800015f   Thumb Code     0  startup_stm32f103xe.o(.text)
    TIM4_IRQHandler                          0x0800015f   Thumb Code     0  startup_stm32f103xe.o(.text)
    TIM5_IRQHandler                          0x0800015f   Thumb Code     0  startup_stm32f103xe.o(.text)
    TIM7_IRQHandler                          0x0800015f   Thumb Code     0  startup_stm32f103xe.o(.text)
    TIM8_BRK_IRQHandler                      0x0800015f   Thumb Code     0  startup_stm32f103xe.o(.text)
    TIM8_CC_IRQHandler                       0x0800015f   Thumb Code     0  startup_stm32f103xe.o(.text)
    TIM8_TRG_COM_IRQHandler                  0x0800015f   Thumb Code     0  startup_stm32f103xe.o(.text)
    TIM8_UP_IRQHandler                       0x0800015f   Thumb Code     0  startup_stm32f103xe.o(.text)
    UART4_IRQHandler                         0x0800015f   Thumb Code     0  startup_stm32f103xe.o(.text)
    UART5_IRQHandler                         0x0800015f   Thumb Code     0  startup_stm32f103xe.o(.text)
    USART1_IRQHandler                        0x0800015f   Thumb Code     0  startup_stm32f103xe.o(.text)
    USART2_IRQHandler                        0x0800015f   Thumb Code     0  startup_stm32f103xe.o(.text)
    USART3_IRQHandler                        0x0800015f   Thumb Code     0  startup_stm32f103xe.o(.text)
    USBWakeUp_IRQHandler                     0x0800015f   Thumb Code     0  startup_stm32f103xe.o(.text)
    WWDG_IRQHandler                          0x0800015f   Thumb Code     0  startup_stm32f103xe.o(.text)
    __aeabi_memcpy                           0x08000169   Thumb Code    36  memcpya.o(.text)
    __aeabi_memcpy4                          0x08000169   Thumb Code     0  memcpya.o(.text)
    __aeabi_memcpy8                          0x08000169   Thumb Code     0  memcpya.o(.text)
    __aeabi_memset                           0x0800018d   Thumb Code    14  memseta.o(.text)
    __aeabi_memset4                          0x0800018d   Thumb Code     0  memseta.o(.text)
    __aeabi_memset8                          0x0800018d   Thumb Code     0  memseta.o(.text)
    __aeabi_memclr                           0x0800019b   Thumb Code     4  memseta.o(.text)
    __aeabi_memclr4                          0x0800019b   Thumb Code     0  memseta.o(.text)
    __aeabi_memclr8                          0x0800019b   Thumb Code     0  memseta.o(.text)
    _memset$wrapper                          0x0800019f   Thumb Code    18  memseta.o(.text)
    __aeabi_cfcmpeq                          0x080001b1   Thumb Code     0  cfcmple.o(.text)
    __aeabi_cfcmple                          0x080001b1   Thumb Code    20  cfcmple.o(.text)
    __aeabi_cfrcmple                         0x080001c5   Thumb Code    20  cfrcmple.o(.text)
    __I$use$fp                               0x080001d9   Thumb Code     0  iusefp.o(.text)
    __scatterload                            0x080001d9   Thumb Code    28  init.o(.text)
    __scatterload_rt2                        0x080001d9   Thumb Code     0  init.o(.text)
    __decompress                             0x080001fd   Thumb Code     0  __dczerorl2.o(.text)
    __decompress1                            0x080001fd   Thumb Code    86  __dczerorl2.o(.text)
    ADC_ConversionStop_Disable               0x08000255   Thumb Code    76  stm32f1xx_hal_adc.o(i.ADC_ConversionStop_Disable)
    ADC_DMAConvCplt                          0x080002a1   Thumb Code    78  stm32f1xx_hal_adc.o(i.ADC_DMAConvCplt)
    ADC_DMAError                             0x080002ef   Thumb Code    26  stm32f1xx_hal_adc.o(i.ADC_DMAError)
    ADC_DMAHalfConvCplt                      0x08000309   Thumb Code    10  stm32f1xx_hal_adc.o(i.ADC_DMAHalfConvCplt)
    ADC_Enable                               0x08000315   Thumb Code   104  stm32f1xx_hal_adc.o(i.ADC_Enable)
    BusFault_Handler                         0x08000385   Thumb Code     2  stm32f1xx_it.o(i.BusFault_Handler)
    DMA1_Channel1_IRQHandler                 0x080003a1   Thumb Code     6  stm32f1xx_it.o(i.DMA1_Channel1_IRQHandler)
    DebugMon_Handler                         0x080003d7   Thumb Code     2  stm32f1xx_it.o(i.DebugMon_Handler)
    HAL_ADC_ConfigChannel                    0x080003d9   Thumb Code   240  stm32f1xx_hal_adc.o(i.HAL_ADC_ConfigChannel)
    HAL_ADC_ConvCpltCallback                 0x080004d5   Thumb Code     2  stm32f1xx_hal_adc.o(i.HAL_ADC_ConvCpltCallback)
    HAL_ADC_ConvHalfCpltCallback             0x080004d7   Thumb Code     2  stm32f1xx_hal_adc.o(i.HAL_ADC_ConvHalfCpltCallback)
    HAL_ADC_ErrorCallback                    0x080004d9   Thumb Code     2  stm32f1xx_hal_adc.o(i.HAL_ADC_ErrorCallback)
    HAL_ADC_Init                             0x080004dd   Thumb Code   276  stm32f1xx_hal_adc.o(i.HAL_ADC_Init)
    HAL_ADC_MspInit                          0x08000601   Thumb Code   118  adc.o(i.HAL_ADC_MspInit)
    HAL_ADC_Start_DMA                        0x080006a1   Thumb Code   246  stm32f1xx_hal_adc.o(i.HAL_ADC_Start_DMA)
    HAL_DMA_IRQHandler                       0x080007ad   Thumb Code   552  stm32f1xx_hal_dma.o(i.HAL_DMA_IRQHandler)
    HAL_DMA_Init                             0x080009f5   Thumb Code   120  stm32f1xx_hal_dma.o(i.HAL_DMA_Init)
    HAL_DMA_Start_IT                         0x08000a79   Thumb Code   112  stm32f1xx_hal_dma.o(i.HAL_DMA_Start_IT)
    HAL_GPIO_Init                            0x08000ae9   Thumb Code   446  stm32f1xx_hal_gpio.o(i.HAL_GPIO_Init)
    HAL_GetTick                              0x08000cd1   Thumb Code     6  stm32f1xx_hal.o(i.HAL_GetTick)
    HAL_IncTick                              0x08000cdd   Thumb Code    12  stm32f1xx_hal.o(i.HAL_IncTick)
    HAL_Init                                 0x08000ced   Thumb Code    32  stm32f1xx_hal.o(i.HAL_Init)
    HAL_InitTick                             0x08000d11   Thumb Code    98  stm32f1xx_hal_timebase_tim.o(i.HAL_InitTick)
    HAL_MspInit                              0x08000d85   Thumb Code   118  stm32f1xx_hal_msp.o(i.HAL_MspInit)
    HAL_NVIC_EnableIRQ                       0x08000e05   Thumb Code    22  stm32f1xx_hal_cortex.o(i.HAL_NVIC_EnableIRQ)
    HAL_NVIC_SetPriority                     0x08000e1d   Thumb Code    60  stm32f1xx_hal_cortex.o(i.HAL_NVIC_SetPriority)
    HAL_NVIC_SetPriorityGrouping             0x08000e5d   Thumb Code    26  stm32f1xx_hal_cortex.o(i.HAL_NVIC_SetPriorityGrouping)
    HAL_PCDEx_PMAConfig                      0x08000e81   Thumb Code    52  stm32f1xx_hal_pcd_ex.o(i.HAL_PCDEx_PMAConfig)
    HAL_PCDEx_SetConnectionState             0x08000eb5   Thumb Code     2  usbd_conf.o(i.HAL_PCDEx_SetConnectionState)
    HAL_PCD_DataInStageCallback              0x08000eb7   Thumb Code    14  usbd_conf.o(i.HAL_PCD_DataInStageCallback)
    HAL_PCD_DataOutStageCallback             0x08000ec5   Thumb Code    16  usbd_conf.o(i.HAL_PCD_DataOutStageCallback)
    HAL_PCD_EP_Close                         0x08000ed5   Thumb Code    64  stm32f1xx_hal_pcd.o(i.HAL_PCD_EP_Close)
    HAL_PCD_EP_ClrStall                      0x08000f15   Thumb Code    72  stm32f1xx_hal_pcd.o(i.HAL_PCD_EP_ClrStall)
    HAL_PCD_EP_Open                          0x08000f5d   Thumb Code    68  stm32f1xx_hal_pcd.o(i.HAL_PCD_EP_Open)
    HAL_PCD_EP_Receive                       0x08000fa1   Thumb Code    46  stm32f1xx_hal_pcd.o(i.HAL_PCD_EP_Receive)
    HAL_PCD_EP_SetStall                      0x08000fcf   Thumb Code    86  stm32f1xx_hal_pcd.o(i.HAL_PCD_EP_SetStall)
    HAL_PCD_EP_Transmit                      0x08001025   Thumb Code    42  stm32f1xx_hal_pcd.o(i.HAL_PCD_EP_Transmit)
    HAL_PCD_IRQHandler                       0x0800104f   Thumb Code   268  stm32f1xx_hal_pcd.o(i.HAL_PCD_IRQHandler)
    HAL_PCD_Init                             0x0800115d   Thumb Code   192  stm32f1xx_hal_pcd.o(i.HAL_PCD_Init)
    HAL_PCD_MspInit                          0x0800121d   Thumb Code    66  usbd_conf.o(i.HAL_PCD_MspInit)
    HAL_PCD_ResetCallback                    0x08001269   Thumb Code    26  usbd_conf.o(i.HAL_PCD_ResetCallback)
    HAL_PCD_ResumeCallback                   0x08001283   Thumb Code     8  usbd_conf.o(i.HAL_PCD_ResumeCallback)
    HAL_PCD_SOFCallback                      0x0800128b   Thumb Code     8  usbd_conf.o(i.HAL_PCD_SOFCallback)
    HAL_PCD_SetAddress                       0x08001293   Thumb Code    40  stm32f1xx_hal_pcd.o(i.HAL_PCD_SetAddress)
    HAL_PCD_SetupStageCallback               0x080012bb   Thumb Code    14  usbd_conf.o(i.HAL_PCD_SetupStageCallback)
    HAL_PCD_Start                            0x080012c9   Thumb Code    50  stm32f1xx_hal_pcd.o(i.HAL_PCD_Start)
    HAL_PCD_SuspendCallback                  0x080012fd   Thumb Code    30  usbd_conf.o(i.HAL_PCD_SuspendCallback)
    HAL_RCCEx_PeriphCLKConfig                0x08001321   Thumb Code   224  stm32f1xx_hal_rcc_ex.o(i.HAL_RCCEx_PeriphCLKConfig)
    HAL_RCC_ClockConfig                      0x0800140d   Thumb Code   322  stm32f1xx_hal_rcc.o(i.HAL_RCC_ClockConfig)
    HAL_RCC_GetClockConfig                   0x08001561   Thumb Code    54  stm32f1xx_hal_rcc.o(i.HAL_RCC_GetClockConfig)
    HAL_RCC_GetHCLKFreq                      0x080015a1   Thumb Code     6  stm32f1xx_hal_rcc.o(i.HAL_RCC_GetHCLKFreq)
    HAL_RCC_GetPCLK2Freq                     0x080015ad   Thumb Code    20  stm32f1xx_hal_rcc.o(i.HAL_RCC_GetPCLK2Freq)
    HAL_RCC_GetSysClockFreq                  0x080015cd   Thumb Code    74  stm32f1xx_hal_rcc.o(i.HAL_RCC_GetSysClockFreq)
    HAL_RCC_OscConfig                        0x08001639   Thumb Code   750  stm32f1xx_hal_rcc.o(i.HAL_RCC_OscConfig)
    HAL_SYSTICK_CLKSourceConfig              0x0800193d   Thumb Code    24  stm32f1xx_hal_cortex.o(i.HAL_SYSTICK_CLKSourceConfig)
    HAL_SYSTICK_Callback                     0x08001955   Thumb Code     2  stm32f1xx_hal_cortex.o(i.HAL_SYSTICK_Callback)
    HAL_SYSTICK_Config                       0x08001957   Thumb Code    40  stm32f1xx_hal_cortex.o(i.HAL_SYSTICK_Config)
    HAL_SYSTICK_IRQHandler                   0x0800197f   Thumb Code     8  stm32f1xx_hal_cortex.o(i.HAL_SYSTICK_IRQHandler)
    HAL_TIMEx_BreakCallback                  0x08001987   Thumb Code     2  stm32f1xx_hal_tim_ex.o(i.HAL_TIMEx_BreakCallback)
    HAL_TIMEx_CommutationCallback            0x08001989   Thumb Code     2  stm32f1xx_hal_tim_ex.o(i.HAL_TIMEx_CommutationCallback)
    HAL_TIMEx_MasterConfigSynchronization    0x0800198b   Thumb Code    80  stm32f1xx_hal_tim_ex.o(i.HAL_TIMEx_MasterConfigSynchronization)
    HAL_TIM_Base_Init                        0x080019db   Thumb Code    54  stm32f1xx_hal_tim.o(i.HAL_TIM_Base_Init)
    HAL_TIM_Base_MspInit                     0x08001a11   Thumb Code    50  tim.o(i.HAL_TIM_Base_MspInit)
    HAL_TIM_Base_Start_IT                    0x08001a4d   Thumb Code    24  stm32f1xx_hal_tim.o(i.HAL_TIM_Base_Start_IT)
    HAL_TIM_IC_CaptureCallback               0x08001a65   Thumb Code     2  stm32f1xx_hal_tim.o(i.HAL_TIM_IC_CaptureCallback)
    HAL_TIM_IRQHandler                       0x08001a67   Thumb Code   358  stm32f1xx_hal_tim.o(i.HAL_TIM_IRQHandler)
    HAL_TIM_OC_DelayElapsedCallback          0x08001bcd   Thumb Code     2  stm32f1xx_hal_tim.o(i.HAL_TIM_OC_DelayElapsedCallback)
    HAL_TIM_PWM_PulseFinishedCallback        0x08001bcf   Thumb Code     2  stm32f1xx_hal_tim.o(i.HAL_TIM_PWM_PulseFinishedCallback)
    HAL_TIM_PeriodElapsedCallback            0x08001bd1   Thumb Code    14  main.o(i.HAL_TIM_PeriodElapsedCallback)
    HAL_TIM_TriggerCallback                  0x08001be5   Thumb Code     2  stm32f1xx_hal_tim.o(i.HAL_TIM_TriggerCallback)
    HardFault_Handler                        0x08001be7   Thumb Code     2  stm32f1xx_it.o(i.HardFault_Handler)
    LimitRange                               0x08001be9   Thumb Code    38  adc_dma.o(i.LimitRange)
    MX_ADC1_Init                             0x08001c11   Thumb Code   152  adc.o(i.MX_ADC1_Init)
    MX_DMA_Init                              0x08001cc1   Thumb Code    40  dma.o(i.MX_DMA_Init)
    MX_GPIO_Init                             0x08001ced   Thumb Code    54  gpio.o(i.MX_GPIO_Init)
    MX_TIM6_Init                             0x08001d29   Thumb Code    64  tim.o(i.MX_TIM6_Init)
    MX_USB_DEVICE_Init                       0x08001d81   Thumb Code    38  usb_device.o(i.MX_USB_DEVICE_Init)
    MemManage_Handler                        0x08001db9   Thumb Code     2  stm32f1xx_it.o(i.MemManage_Handler)
    NMI_Handler                              0x08001dbb   Thumb Code     2  stm32f1xx_it.o(i.NMI_Handler)
    PendSV_Handler                           0x0800213f   Thumb Code     2  stm32f1xx_it.o(i.PendSV_Handler)
    SVC_Handler                              0x08002141   Thumb Code     2  stm32f1xx_it.o(i.SVC_Handler)
    SysTick_Handler                          0x08002143   Thumb Code     4  stm32f1xx_it.o(i.SysTick_Handler)
    SystemClock_Config                       0x08002147   Thumb Code   126  main.o(i.SystemClock_Config)
    SystemInit                               0x080021c5   Thumb Code    56  system_stm32f1xx.o(i.SystemInit)
    TIM1_UP_IRQHandler                       0x0800220d   Thumb Code     6  stm32f1xx_it.o(i.TIM1_UP_IRQHandler)
    TIM6_IRQHandler                          0x08002219   Thumb Code     6  stm32f1xx_it.o(i.TIM6_IRQHandler)
    TIM_Base_SetConfig                       0x08002225   Thumb Code   120  stm32f1xx_hal_tim.o(i.TIM_Base_SetConfig)
    USBD_CUSTOM_HID_RegisterInterface        0x0800239d   Thumb Code    16  usbd_customhid.o(i.USBD_CUSTOM_HID_RegisterInterface)
    USBD_CUSTOM_HID_SendReport               0x080023ad   Thumb Code    40  usbd_customhid.o(i.USBD_CUSTOM_HID_SendReport)
    USBD_ClrClassConfig                      0x0800248d   Thumb Code    14  usbd_core.o(i.USBD_ClrClassConfig)
    USBD_CtlContinueRx                       0x0800249b   Thumb Code    16  usbd_ioreq.o(i.USBD_CtlContinueRx)
    USBD_CtlContinueSendData                 0x080024ab   Thumb Code    16  usbd_ioreq.o(i.USBD_CtlContinueSendData)
    USBD_CtlError                            0x080024bb   Thumb Code    22  usbd_ctlreq.o(i.USBD_CtlError)
    USBD_CtlPrepareRx                        0x080024d1   Thumb Code    30  usbd_ioreq.o(i.USBD_CtlPrepareRx)
    USBD_CtlReceiveStatus                    0x080024ef   Thumb Code    22  usbd_ioreq.o(i.USBD_CtlReceiveStatus)
    USBD_CtlSendData                         0x08002505   Thumb Code    26  usbd_ioreq.o(i.USBD_CtlSendData)
    USBD_CtlSendStatus                       0x0800251f   Thumb Code    22  usbd_ioreq.o(i.USBD_CtlSendStatus)
    USBD_FS_ConfigStrDescriptor              0x08002535   Thumb Code    16  usbd_desc.o(i.USBD_FS_ConfigStrDescriptor)
    USBD_FS_DeviceDescriptor                 0x0800255d   Thumb Code     8  usbd_desc.o(i.USBD_FS_DeviceDescriptor)
    USBD_FS_InterfaceStrDescriptor           0x08002569   Thumb Code    16  usbd_desc.o(i.USBD_FS_InterfaceStrDescriptor)
    USBD_FS_LangIDStrDescriptor              0x08002595   Thumb Code     8  usbd_desc.o(i.USBD_FS_LangIDStrDescriptor)
    USBD_FS_ManufacturerStrDescriptor        0x080025a1   Thumb Code    16  usbd_desc.o(i.USBD_FS_ManufacturerStrDescriptor)
    USBD_FS_ProductStrDescriptor             0x080025c5   Thumb Code    16  usbd_desc.o(i.USBD_FS_ProductStrDescriptor)
    USBD_FS_SerialStrDescriptor              0x080025f9   Thumb Code    16  usbd_desc.o(i.USBD_FS_SerialStrDescriptor)
    USBD_GetString                           0x0800270f   Thumb Code    70  usbd_ctlreq.o(i.USBD_GetString)
    USBD_Init                                0x08002755   Thumb Code    42  usbd_core.o(i.USBD_Init)
    USBD_LL_ClearStallEP                     0x0800277f   Thumb Code    32  usbd_conf.o(i.USBD_LL_ClearStallEP)
    USBD_LL_CloseEP                          0x0800279f   Thumb Code    32  usbd_conf.o(i.USBD_LL_CloseEP)
    USBD_LL_DataInStage                      0x080027bf   Thumb Code   170  usbd_core.o(i.USBD_LL_DataInStage)
    USBD_LL_DataOutStage                     0x08002869   Thumb Code   106  usbd_core.o(i.USBD_LL_DataOutStage)
    USBD_LL_Init                             0x080028d5   Thumb Code   112  usbd_conf.o(i.USBD_LL_Init)
    USBD_LL_IsStallEP                        0x08002961   Thumb Code    28  usbd_conf.o(i.USBD_LL_IsStallEP)
    USBD_LL_OpenEP                           0x0800297d   Thumb Code    38  usbd_conf.o(i.USBD_LL_OpenEP)
    USBD_LL_PrepareReceive                   0x080029a3   Thumb Code    32  usbd_conf.o(i.USBD_LL_PrepareReceive)
    USBD_LL_Reset                            0x080029c3   Thumb Code    62  usbd_core.o(i.USBD_LL_Reset)
    USBD_LL_Resume                           0x08002a01   Thumb Code    12  usbd_core.o(i.USBD_LL_Resume)
    USBD_LL_SOF                              0x08002a0d   Thumb Code    24  usbd_core.o(i.USBD_LL_SOF)
    USBD_LL_SetSpeed                         0x08002a25   Thumb Code     6  usbd_core.o(i.USBD_LL_SetSpeed)
    USBD_LL_SetUSBAddress                    0x08002a2b   Thumb Code    32  usbd_conf.o(i.USBD_LL_SetUSBAddress)
    USBD_LL_SetupStage                       0x08002a4b   Thumb Code    90  usbd_core.o(i.USBD_LL_SetupStage)
    USBD_LL_StallEP                          0x08002aa5   Thumb Code    32  usbd_conf.o(i.USBD_LL_StallEP)
    USBD_LL_Start                            0x08002ac5   Thumb Code    32  usbd_conf.o(i.USBD_LL_Start)
    USBD_LL_Suspend                          0x08002ae5   Thumb Code    18  usbd_core.o(i.USBD_LL_Suspend)
    USBD_LL_Transmit                         0x08002af7   Thumb Code    32  usbd_conf.o(i.USBD_LL_Transmit)
    USBD_ParseSetupRequest                   0x08002b17   Thumb Code    40  usbd_ctlreq.o(i.USBD_ParseSetupRequest)
    USBD_RegisterClass                       0x08002b3f   Thumb Code    16  usbd_core.o(i.USBD_RegisterClass)
    USBD_SetClassConfig                      0x08002b4f   Thumb Code    22  usbd_core.o(i.USBD_SetClassConfig)
    USBD_Start                               0x08002bd9   Thumb Code    10  usbd_core.o(i.USBD_Start)
    USBD_StdDevReq                           0x08002be3   Thumb Code   242  usbd_ctlreq.o(i.USBD_StdDevReq)
    USBD_StdEPReq                            0x08002cd5   Thumb Code   220  usbd_ctlreq.o(i.USBD_StdEPReq)
    USBD_StdItfReq                           0x08002db1   Thumb Code    52  usbd_ctlreq.o(i.USBD_StdItfReq)
    USBD_static_free                         0x08002de5   Thumb Code     2  usbd_conf.o(i.USBD_static_free)
    USBD_static_malloc                       0x08002de9   Thumb Code     4  usbd_conf.o(i.USBD_static_malloc)
    USB_ActivateEndpoint                     0x08002df1   Thumb Code   604  stm32f1xx_ll_usb.o(i.USB_ActivateEndpoint)
    USB_CoreInit                             0x0800304d   Thumb Code     4  stm32f1xx_ll_usb.o(i.USB_CoreInit)
    USB_DeactivateEndpoint                   0x08003051   Thumb Code   292  stm32f1xx_ll_usb.o(i.USB_DeactivateEndpoint)
    USB_DevConnect                           0x08003175   Thumb Code     4  stm32f1xx_ll_usb.o(i.USB_DevConnect)
    USB_DevDisconnect                        0x08003179   Thumb Code     4  stm32f1xx_ll_usb.o(i.USB_DevDisconnect)
    USB_DevInit                              0x0800317d   Thumb Code    30  stm32f1xx_ll_usb.o(i.USB_DevInit)
    USB_DisableGlobalInt                     0x0800319b   Thumb Code    14  stm32f1xx_ll_usb.o(i.USB_DisableGlobalInt)
    USB_EP0_OutStart                         0x080031a9   Thumb Code     4  stm32f1xx_ll_usb.o(i.USB_EP0_OutStart)
    USB_EPClearStall                         0x080031ad   Thumb Code   106  stm32f1xx_ll_usb.o(i.USB_EPClearStall)
    USB_EPSetStall                           0x08003217   Thumb Code    74  stm32f1xx_ll_usb.o(i.USB_EPSetStall)
    USB_EPStartXfer                          0x08003261   Thumb Code   426  stm32f1xx_ll_usb.o(i.USB_EPStartXfer)
    USB_EnableGlobalInt                      0x0800340b   Thumb Code    14  stm32f1xx_ll_usb.o(i.USB_EnableGlobalInt)
    USB_GetData                              0x08003419   Thumb Code    30  usbd_pack.o(i.USB_GetData)
    USB_HP_CAN1_TX_IRQHandler                0x0800343d   Thumb Code     6  stm32f1xx_it.o(i.USB_HP_CAN1_TX_IRQHandler)
    USB_LP_CAN1_RX0_IRQHandler               0x08003449   Thumb Code     6  stm32f1xx_it.o(i.USB_LP_CAN1_RX0_IRQHandler)
    USB_Mission                              0x08003455   Thumb Code    76  usbd_pack.o(i.USB_Mission)
    USB_ReadInterrupts                       0x080034ad   Thumb Code     6  stm32f1xx_ll_usb.o(i.USB_ReadInterrupts)
    USB_ReadPMA                              0x080034b5   Thumb Code    30  stm32f1xx_ll_usb.o(i.USB_ReadPMA)
    USB_SendData                             0x080034d5   Thumb Code    10  usbd_pack.o(i.USB_SendData)
    USB_SetCurrentMode                       0x080034e5   Thumb Code     4  stm32f1xx_ll_usb.o(i.USB_SetCurrentMode)
    USB_SetDevAddress                        0x080034e9   Thumb Code    12  stm32f1xx_ll_usb.o(i.USB_SetDevAddress)
    USB_WritePMA                             0x080034f5   Thumb Code    38  stm32f1xx_ll_usb.o(i.USB_WritePMA)
    Update_ADC_Value                         0x0800351d   Thumb Code   168  adc_dma.o(i.Update_ADC_Value)
    UsageFault_Handler                       0x080035c9   Thumb Code     2  stm32f1xx_it.o(i.UsageFault_Handler)
    _Error_Handler                           0x080035cb   Thumb Code     2  main.o(i._Error_Handler)
    __scatterload_copy                       0x080035cd   Thumb Code    14  handlers.o(i.__scatterload_copy)
    __scatterload_null                       0x080035db   Thumb Code     2  handlers.o(i.__scatterload_null)
    __scatterload_zeroinit                   0x080035dd   Thumb Code    14  handlers.o(i.__scatterload_zeroinit)
    main                                     0x080035ed   Thumb Code    46  main.o(i.main)
    AHBPrescTable                            0x08003624   Data          16  system_stm32f1xx.o(.constdata)
    APBPrescTable                            0x08003634   Data           8  system_stm32f1xx.o(.constdata)
    Region$$Table$$Base                      0x0800363c   Number         0  anon$$obj.o(Region$$Table)
    Region$$Table$$Limit                     0x0800365c   Number         0  anon$$obj.o(Region$$Table)
    USB_Out_Flag                             0x20000000   Data           1  usbd_custom_hid_if.o(.data)
    USBD_CustomHID_fops_FS                   0x20000028   Data          16  usbd_custom_hid_if.o(.data)
    FS_Desc                                  0x20000038   Data          28  usbd_desc.o(.data)
    USBD_LangIDDesc                          0x20000054   Data           4  usbd_desc.o(.data)
    USBD_FS_DeviceDesc                       0x20000058   Data          18  usbd_desc.o(.data)
    p_ADC_SampeValue                         0x20000074   Data           4  adc_dma.o(.data)
    Adc_a2                                   0x20000078   Data           4  adc_dma.o(.data)
    Adc_b1                                   0x2000007c   Data           4  adc_dma.o(.data)
    Adc_b2                                   0x20000080   Data           4  adc_dma.o(.data)
    Adc_a2_2s                                0x20000084   Data           4  adc_dma.o(.data)
    Adc_a3_2s                                0x20000088   Data           4  adc_dma.o(.data)
    Adc_b1_2s                                0x2000008c   Data           4  adc_dma.o(.data)
    Adc_b2_2s                                0x20000090   Data           4  adc_dma.o(.data)
    Adc_b3_2s                                0x20000094   Data           4  adc_dma.o(.data)
    SystemCoreClock                          0x2000009c   Data           4  system_stm32f1xx.o(.data)
    USBD_CUSTOM_HID                          0x200000a4   Data          60  usbd_customhid.o(.data)
    uwTickFreq                               0x20000124   Data           1  stm32f1xx_hal.o(.data)
    uwTickPrio                               0x20000128   Data           4  stm32f1xx_hal.o(.data)
    uwTick                                   0x2000012c   Data           4  stm32f1xx_hal.o(.data)
    hadc1                                    0x20000130   Data          48  adc.o(.bss)
    hdma_adc1                                0x20000160   Data          68  adc.o(.bss)
    htim1                                    0x200001a4   Data          64  stm32f1xx_hal_timebase_tim.o(.bss)
    hpcd_USB_FS                              0x2000023c   Data        1120  usbd_conf.o(.bss)
    USBD_StrDesc                             0x2000069c   Data         512  usbd_desc.o(.bss)
    hUsbDeviceFS                             0x2000089c   Data         548  usb_device.o(.bss)
    htim6                                    0x20000ac0   Data          64  tim.o(.bss)
    ADCConvertedValue                        0x20000b00   Data          12  adc_dma.o(.bss)
    ADCConvertedValue_old                    0x20000b10   Data          48  adc_dma.o(.bss)
    origin                                   0x20000b40   Data          48  adc_dma.o(.bss)
    fliter                                   0x20000b70   Data          48  adc_dma.o(.bss)
    adc_sampe                                0x20000ba0   Data          24  adc_dma.o(.bss)
    __initial_sp                             0x20002bf8   Data           0  startup_stm32f103xe.o(STACK)



==============================================================================

Memory Map of the image

  Image Entry point : 0x08000131

  Load Region LR_IROM1 (Base: 0x08000000, Size: 0x0000378c, Max: 0x00080000, ABSOLUTE, COMPRESSED[0x00003734])

    Execution Region ER_IROM1 (Base: 0x08000000, Size: 0x0000365c, Max: 0x00080000, ABSOLUTE)

    Base Addr    Size         Type   Attr      Idx    E Section Name        Object

    0x08000000   0x00000130   Data   RO            3    RESET               startup_stm32f103xe.o
    0x08000130   0x00000000   Code   RO         3934  * .ARM.Collect$$$$00000000  mc_w.l(entry.o)
    0x08000130   0x00000004   Code   RO         3965    .ARM.Collect$$$$00000001  mc_w.l(entry2.o)
    0x08000134   0x00000004   Code   RO         3968    .ARM.Collect$$$$00000004  mc_w.l(entry5.o)
    0x08000138   0x00000000   Code   RO         3970    .ARM.Collect$$$$00000008  mc_w.l(entry7b.o)
    0x08000138   0x00000000   Code   RO         3972    .ARM.Collect$$$$0000000A  mc_w.l(entry8b.o)
    0x08000138   0x00000008   Code   RO         3973    .ARM.Collect$$$$0000000B  mc_w.l(entry9a.o)
    0x08000140   0x00000000   Code   RO         3975    .ARM.Collect$$$$0000000D  mc_w.l(entry10a.o)
    0x08000140   0x00000000   Code   RO         3977    .ARM.Collect$$$$0000000F  mc_w.l(entry11a.o)
    0x08000140   0x00000004   Code   RO         3966    .ARM.Collect$$$$00002712  mc_w.l(entry2.o)
    0x08000144   0x00000024   Code   RO            4    .text               startup_stm32f103xe.o
    0x08000168   0x00000024   Code   RO         3939    .text               mc_w.l(memcpya.o)
    0x0800018c   0x00000024   Code   RO         3941    .text               mc_w.l(memseta.o)
    0x080001b0   0x00000014   Code   RO         3961    .text               mf_w.l(cfcmple.o)
    0x080001c4   0x00000014   Code   RO         3963    .text               mf_w.l(cfrcmple.o)
    0x080001d8   0x00000000   Code   RO         3983    .text               mc_w.l(iusefp.o)
    0x080001d8   0x00000024   Code   RO         3988    .text               mc_w.l(init.o)
    0x080001fc   0x00000056   Code   RO         3998    .text               mc_w.l(__dczerorl2.o)
    0x08000252   0x00000002   PAD
    0x08000254   0x0000004c   Code   RO         2141    i.ADC_ConversionStop_Disable  stm32f1xx_hal_adc.o
    0x080002a0   0x0000004e   Code   RO         2142    i.ADC_DMAConvCplt   stm32f1xx_hal_adc.o
    0x080002ee   0x0000001a   Code   RO         2143    i.ADC_DMAError      stm32f1xx_hal_adc.o
    0x08000308   0x0000000a   Code   RO         2144    i.ADC_DMAHalfConvCplt  stm32f1xx_hal_adc.o
    0x08000312   0x00000002   PAD
    0x08000314   0x00000070   Code   RO         2145    i.ADC_Enable        stm32f1xx_hal_adc.o
    0x08000384   0x00000002   Code   RO          707    i.BusFault_Handler  stm32f1xx_it.o
    0x08000386   0x00000004   Code   RO          508    i.CUSTOM_HID_DeInit_FS  usbd_custom_hid_if.o
    0x0800038a   0x00000004   Code   RO          509    i.CUSTOM_HID_Init_FS  usbd_custom_hid_if.o
    0x0800038e   0x00000002   PAD
    0x08000390   0x00000010   Code   RO          510    i.CUSTOM_HID_OutEvent_FS  usbd_custom_hid_if.o
    0x080003a0   0x0000000c   Code   RO          708    i.DMA1_Channel1_IRQHandler  stm32f1xx_it.o
    0x080003ac   0x0000002a   Code   RO         3842    i.DMA_SetConfig     stm32f1xx_hal_dma.o
    0x080003d6   0x00000002   Code   RO          709    i.DebugMon_Handler  stm32f1xx_it.o
    0x080003d8   0x000000fc   Code   RO         2147    i.HAL_ADC_ConfigChannel  stm32f1xx_hal_adc.o
    0x080004d4   0x00000002   Code   RO         2148    i.HAL_ADC_ConvCpltCallback  stm32f1xx_hal_adc.o
    0x080004d6   0x00000002   Code   RO         2149    i.HAL_ADC_ConvHalfCpltCallback  stm32f1xx_hal_adc.o
    0x080004d8   0x00000002   Code   RO         2151    i.HAL_ADC_ErrorCallback  stm32f1xx_hal_adc.o
    0x080004da   0x00000002   PAD
    0x080004dc   0x00000124   Code   RO         2156    i.HAL_ADC_Init      stm32f1xx_hal_adc.o
    0x08000600   0x000000a0   Code   RO           14    i.HAL_ADC_MspInit   adc.o
    0x080006a0   0x0000010c   Code   RO         2163    i.HAL_ADC_Start_DMA  stm32f1xx_hal_adc.o
    0x080007ac   0x00000248   Code   RO         3848    i.HAL_DMA_IRQHandler  stm32f1xx_hal_dma.o
    0x080009f4   0x00000084   Code   RO         3849    i.HAL_DMA_Init      stm32f1xx_hal_dma.o
    0x08000a78   0x00000070   Code   RO         3853    i.HAL_DMA_Start_IT  stm32f1xx_hal_dma.o
    0x08000ae8   0x000001e8   Code   RO         2078    i.HAL_GPIO_Init     stm32f1xx_hal_gpio.o
    0x08000cd0   0x0000000c   Code   RO         3658    i.HAL_GetTick       stm32f1xx_hal.o
    0x08000cdc   0x00000010   Code   RO         3662    i.HAL_IncTick       stm32f1xx_hal.o
    0x08000cec   0x00000024   Code   RO         3663    i.HAL_Init          stm32f1xx_hal.o
    0x08000d10   0x00000074   Code   RO          155    i.HAL_InitTick      stm32f1xx_hal_timebase_tim.o
    0x08000d84   0x00000080   Code   RO          621    i.HAL_MspInit       stm32f1xx_hal_msp.o
    0x08000e04   0x00000016   Code   RO         1438    i.HAL_NVIC_EnableIRQ  stm32f1xx_hal_cortex.o
    0x08000e1a   0x00000002   PAD
    0x08000e1c   0x00000040   Code   RO         1444    i.HAL_NVIC_SetPriority  stm32f1xx_hal_cortex.o
    0x08000e5c   0x00000024   Code   RO         1445    i.HAL_NVIC_SetPriorityGrouping  stm32f1xx_hal_cortex.o
    0x08000e80   0x00000034   Code   RO         1553    i.HAL_PCDEx_PMAConfig  stm32f1xx_hal_pcd_ex.o
    0x08000eb4   0x00000002   Code   RO          264    i.HAL_PCDEx_SetConnectionState  usbd_conf.o
    0x08000eb6   0x0000000e   Code   RO          266    i.HAL_PCD_DataInStageCallback  usbd_conf.o
    0x08000ec4   0x00000010   Code   RO          267    i.HAL_PCD_DataOutStageCallback  usbd_conf.o
    0x08000ed4   0x00000040   Code   RO         1592    i.HAL_PCD_EP_Close  stm32f1xx_hal_pcd.o
    0x08000f14   0x00000048   Code   RO         1593    i.HAL_PCD_EP_ClrStall  stm32f1xx_hal_pcd.o
    0x08000f5c   0x00000044   Code   RO         1596    i.HAL_PCD_EP_Open   stm32f1xx_hal_pcd.o
    0x08000fa0   0x0000002e   Code   RO         1597    i.HAL_PCD_EP_Receive  stm32f1xx_hal_pcd.o
    0x08000fce   0x00000056   Code   RO         1598    i.HAL_PCD_EP_SetStall  stm32f1xx_hal_pcd.o
    0x08001024   0x0000002a   Code   RO         1599    i.HAL_PCD_EP_Transmit  stm32f1xx_hal_pcd.o
    0x0800104e   0x0000010c   Code   RO         1601    i.HAL_PCD_IRQHandler  stm32f1xx_hal_pcd.o
    0x0800115a   0x00000002   PAD
    0x0800115c   0x000000c0   Code   RO         1604    i.HAL_PCD_Init      stm32f1xx_hal_pcd.o
    0x0800121c   0x0000004c   Code   RO          272    i.HAL_PCD_MspInit   usbd_conf.o
    0x08001268   0x0000001a   Code   RO          273    i.HAL_PCD_ResetCallback  usbd_conf.o
    0x08001282   0x00000008   Code   RO          274    i.HAL_PCD_ResumeCallback  usbd_conf.o
    0x0800128a   0x00000008   Code   RO          275    i.HAL_PCD_SOFCallback  usbd_conf.o
    0x08001292   0x00000028   Code   RO         1610    i.HAL_PCD_SetAddress  stm32f1xx_hal_pcd.o
    0x080012ba   0x0000000e   Code   RO          276    i.HAL_PCD_SetupStageCallback  usbd_conf.o
    0x080012c8   0x00000032   Code   RO         1612    i.HAL_PCD_Start     stm32f1xx_hal_pcd.o
    0x080012fa   0x00000002   PAD
    0x080012fc   0x00000024   Code   RO          277    i.HAL_PCD_SuspendCallback  usbd_conf.o
    0x08001320   0x000000ec   Code   RO         3808    i.HAL_RCCEx_PeriphCLKConfig  stm32f1xx_hal_rcc_ex.o
    0x0800140c   0x00000154   Code   RO         2915    i.HAL_RCC_ClockConfig  stm32f1xx_hal_rcc.o
    0x08001560   0x00000040   Code   RO         2919    i.HAL_RCC_GetClockConfig  stm32f1xx_hal_rcc.o
    0x080015a0   0x0000000c   Code   RO         2920    i.HAL_RCC_GetHCLKFreq  stm32f1xx_hal_rcc.o
    0x080015ac   0x00000020   Code   RO         2923    i.HAL_RCC_GetPCLK2Freq  stm32f1xx_hal_rcc.o
    0x080015cc   0x0000006c   Code   RO         2924    i.HAL_RCC_GetSysClockFreq  stm32f1xx_hal_rcc.o
    0x08001638   0x00000304   Code   RO         2927    i.HAL_RCC_OscConfig  stm32f1xx_hal_rcc.o
    0x0800193c   0x00000018   Code   RO         1447    i.HAL_SYSTICK_CLKSourceConfig  stm32f1xx_hal_cortex.o
    0x08001954   0x00000002   Code   RO         1448    i.HAL_SYSTICK_Callback  stm32f1xx_hal_cortex.o
    0x08001956   0x00000028   Code   RO         1449    i.HAL_SYSTICK_Config  stm32f1xx_hal_cortex.o
    0x0800197e   0x00000008   Code   RO         1450    i.HAL_SYSTICK_IRQHandler  stm32f1xx_hal_cortex.o
    0x08001986   0x00000002   Code   RO         2482    i.HAL_TIMEx_BreakCallback  stm32f1xx_hal_tim_ex.o
    0x08001988   0x00000002   Code   RO         2483    i.HAL_TIMEx_CommutationCallback  stm32f1xx_hal_tim_ex.o
    0x0800198a   0x00000050   Code   RO         2499    i.HAL_TIMEx_MasterConfigSynchronization  stm32f1xx_hal_tim_ex.o
    0x080019da   0x00000036   Code   RO         3018    i.HAL_TIM_Base_Init  stm32f1xx_hal_tim.o
    0x08001a10   0x0000003c   Code   RO          814    i.HAL_TIM_Base_MspInit  tim.o
    0x08001a4c   0x00000018   Code   RO         3023    i.HAL_TIM_Base_Start_IT  stm32f1xx_hal_tim.o
    0x08001a64   0x00000002   Code   RO         3047    i.HAL_TIM_IC_CaptureCallback  stm32f1xx_hal_tim.o
    0x08001a66   0x00000166   Code   RO         3060    i.HAL_TIM_IRQHandler  stm32f1xx_hal_tim.o
    0x08001bcc   0x00000002   Code   RO         3063    i.HAL_TIM_OC_DelayElapsedCallback  stm32f1xx_hal_tim.o
    0x08001bce   0x00000002   Code   RO         3090    i.HAL_TIM_PWM_PulseFinishedCallback  stm32f1xx_hal_tim.o
    0x08001bd0   0x00000014   Code   RO          195    i.HAL_TIM_PeriodElapsedCallback  main.o
    0x08001be4   0x00000002   Code   RO         3101    i.HAL_TIM_TriggerCallback  stm32f1xx_hal_tim.o
    0x08001be6   0x00000002   Code   RO          710    i.HardFault_Handler  stm32f1xx_it.o
    0x08001be8   0x00000026   Code   RO          859    i.LimitRange        adc_dma.o
    0x08001c0e   0x00000002   PAD
    0x08001c10   0x000000b0   Code   RO           15    i.MX_ADC1_Init      adc.o
    0x08001cc0   0x0000002c   Code   RO          484    i.MX_DMA_Init       dma.o
    0x08001cec   0x0000003c   Code   RO          683    i.MX_GPIO_Init      gpio.o
    0x08001d28   0x00000058   Code   RO          815    i.MX_TIM6_Init      tim.o
    0x08001d80   0x00000038   Code   RO          645    i.MX_USB_DEVICE_Init  usb_device.o
    0x08001db8   0x00000002   Code   RO          711    i.MemManage_Handler  stm32f1xx_it.o
    0x08001dba   0x00000002   Code   RO          712    i.NMI_Handler       stm32f1xx_it.o
    0x08001dbc   0x00000020   Code   RO         1451    i.NVIC_SetPriority  stm32f1xx_hal_cortex.o
    0x08001ddc   0x00000362   Code   RO         1615    i.PCD_EP_ISR_Handler  stm32f1xx_hal_pcd.o
    0x0800213e   0x00000002   Code   RO          713    i.PendSV_Handler    stm32f1xx_it.o
    0x08002140   0x00000002   Code   RO          714    i.SVC_Handler       stm32f1xx_it.o
    0x08002142   0x00000004   Code   RO          715    i.SysTick_Handler   stm32f1xx_it.o
    0x08002146   0x0000007e   Code   RO          196    i.SystemClock_Config  main.o
    0x080021c4   0x00000048   Code   RO         1059    i.SystemInit        system_stm32f1xx.o
    0x0800220c   0x0000000c   Code   RO          716    i.TIM1_UP_IRQHandler  stm32f1xx_it.o
    0x08002218   0x0000000c   Code   RO          717    i.TIM6_IRQHandler   stm32f1xx_it.o
    0x08002224   0x0000008c   Code   RO         3102    i.TIM_Base_SetConfig  stm32f1xx_hal_tim.o
    0x080022b0   0x0000000e   Code   RO         1299    i.USBD_CUSTOM_HID_DataIn  usbd_customhid.o
    0x080022be   0x00000024   Code   RO         1300    i.USBD_CUSTOM_HID_DataOut  usbd_customhid.o
    0x080022e2   0x00000032   Code   RO         1301    i.USBD_CUSTOM_HID_DeInit  usbd_customhid.o
    0x08002314   0x00000022   Code   RO         1302    i.USBD_CUSTOM_HID_EP0_RxReady  usbd_customhid.o
    0x08002336   0x00000002   PAD
    0x08002338   0x0000000c   Code   RO         1303    i.USBD_CUSTOM_HID_GetCfgDesc  usbd_customhid.o
    0x08002344   0x0000000c   Code   RO         1304    i.USBD_CUSTOM_HID_GetDeviceQualifierDesc  usbd_customhid.o
    0x08002350   0x0000004c   Code   RO         1305    i.USBD_CUSTOM_HID_Init  usbd_customhid.o
    0x0800239c   0x00000010   Code   RO         1306    i.USBD_CUSTOM_HID_RegisterInterface  usbd_customhid.o
    0x080023ac   0x00000028   Code   RO         1307    i.USBD_CUSTOM_HID_SendReport  usbd_customhid.o
    0x080023d4   0x000000b8   Code   RO         1308    i.USBD_CUSTOM_HID_Setup  usbd_customhid.o
    0x0800248c   0x0000000e   Code   RO         1096    i.USBD_ClrClassConfig  usbd_core.o
    0x0800249a   0x00000010   Code   RO         1376    i.USBD_CtlContinueRx  usbd_ioreq.o
    0x080024aa   0x00000010   Code   RO         1377    i.USBD_CtlContinueSendData  usbd_ioreq.o
    0x080024ba   0x00000016   Code   RO         1234    i.USBD_CtlError     usbd_ctlreq.o
    0x080024d0   0x0000001e   Code   RO         1378    i.USBD_CtlPrepareRx  usbd_ioreq.o
    0x080024ee   0x00000016   Code   RO         1379    i.USBD_CtlReceiveStatus  usbd_ioreq.o
    0x08002504   0x0000001a   Code   RO         1380    i.USBD_CtlSendData  usbd_ioreq.o
    0x0800251e   0x00000016   Code   RO         1381    i.USBD_CtlSendStatus  usbd_ioreq.o
    0x08002534   0x00000028   Code   RO          550    i.USBD_FS_ConfigStrDescriptor  usbd_desc.o
    0x0800255c   0x0000000c   Code   RO          551    i.USBD_FS_DeviceDescriptor  usbd_desc.o
    0x08002568   0x0000002c   Code   RO          552    i.USBD_FS_InterfaceStrDescriptor  usbd_desc.o
    0x08002594   0x0000000c   Code   RO          553    i.USBD_FS_LangIDStrDescriptor  usbd_desc.o
    0x080025a0   0x00000024   Code   RO          554    i.USBD_FS_ManufacturerStrDescriptor  usbd_desc.o
    0x080025c4   0x00000034   Code   RO          555    i.USBD_FS_ProductStrDescriptor  usbd_desc.o
    0x080025f8   0x00000024   Code   RO          556    i.USBD_FS_SerialStrDescriptor  usbd_desc.o
    0x0800261c   0x000000f2   Code   RO         1235    i.USBD_GetDescriptor  usbd_ctlreq.o
    0x0800270e   0x00000046   Code   RO         1236    i.USBD_GetString    usbd_ctlreq.o
    0x08002754   0x0000002a   Code   RO         1098    i.USBD_Init         usbd_core.o
    0x0800277e   0x00000020   Code   RO          278    i.USBD_LL_ClearStallEP  usbd_conf.o
    0x0800279e   0x00000020   Code   RO          279    i.USBD_LL_CloseEP   usbd_conf.o
    0x080027be   0x000000aa   Code   RO         1099    i.USBD_LL_DataInStage  usbd_core.o
    0x08002868   0x0000006a   Code   RO         1100    i.USBD_LL_DataOutStage  usbd_core.o
    0x080028d2   0x00000002   PAD
    0x080028d4   0x0000008c   Code   RO          284    i.USBD_LL_Init      usbd_conf.o
    0x08002960   0x0000001c   Code   RO          285    i.USBD_LL_IsStallEP  usbd_conf.o
    0x0800297c   0x00000026   Code   RO          286    i.USBD_LL_OpenEP    usbd_conf.o
    0x080029a2   0x00000020   Code   RO          287    i.USBD_LL_PrepareReceive  usbd_conf.o
    0x080029c2   0x0000003e   Code   RO         1105    i.USBD_LL_Reset     usbd_core.o
    0x08002a00   0x0000000c   Code   RO         1106    i.USBD_LL_Resume    usbd_core.o
    0x08002a0c   0x00000018   Code   RO         1107    i.USBD_LL_SOF       usbd_core.o
    0x08002a24   0x00000006   Code   RO         1108    i.USBD_LL_SetSpeed  usbd_core.o
    0x08002a2a   0x00000020   Code   RO          288    i.USBD_LL_SetUSBAddress  usbd_conf.o
    0x08002a4a   0x0000005a   Code   RO         1109    i.USBD_LL_SetupStage  usbd_core.o
    0x08002aa4   0x00000020   Code   RO          289    i.USBD_LL_StallEP   usbd_conf.o
    0x08002ac4   0x00000020   Code   RO          290    i.USBD_LL_Start     usbd_conf.o
    0x08002ae4   0x00000012   Code   RO         1110    i.USBD_LL_Suspend   usbd_core.o
    0x08002af6   0x00000020   Code   RO          292    i.USBD_LL_Transmit  usbd_conf.o
    0x08002b16   0x00000028   Code   RO         1237    i.USBD_ParseSetupRequest  usbd_ctlreq.o
    0x08002b3e   0x00000010   Code   RO         1111    i.USBD_RegisterClass  usbd_core.o
    0x08002b4e   0x00000016   Code   RO         1113    i.USBD_SetClassConfig  usbd_core.o
    0x08002b64   0x00000074   Code   RO         1238    i.USBD_SetConfig    usbd_ctlreq.o
    0x08002bd8   0x0000000a   Code   RO         1114    i.USBD_Start        usbd_core.o
    0x08002be2   0x000000f2   Code   RO         1239    i.USBD_StdDevReq    usbd_ctlreq.o
    0x08002cd4   0x000000dc   Code   RO         1240    i.USBD_StdEPReq     usbd_ctlreq.o
    0x08002db0   0x00000034   Code   RO         1241    i.USBD_StdItfReq    usbd_ctlreq.o
    0x08002de4   0x00000002   Code   RO          293    i.USBD_static_free  usbd_conf.o
    0x08002de6   0x00000002   PAD
    0x08002de8   0x00000008   Code   RO          294    i.USBD_static_malloc  usbd_conf.o
    0x08002df0   0x0000025c   Code   RO         1798    i.USB_ActivateEndpoint  stm32f1xx_ll_usb.o
    0x0800304c   0x00000004   Code   RO         1801    i.USB_CoreInit      stm32f1xx_ll_usb.o
    0x08003050   0x00000124   Code   RO         1803    i.USB_DeactivateEndpoint  stm32f1xx_ll_usb.o
    0x08003174   0x00000004   Code   RO         1804    i.USB_DevConnect    stm32f1xx_ll_usb.o
    0x08003178   0x00000004   Code   RO         1805    i.USB_DevDisconnect  stm32f1xx_ll_usb.o
    0x0800317c   0x0000001e   Code   RO         1806    i.USB_DevInit       stm32f1xx_ll_usb.o
    0x0800319a   0x0000000e   Code   RO         1807    i.USB_DisableGlobalInt  stm32f1xx_ll_usb.o
    0x080031a8   0x00000004   Code   RO         1808    i.USB_EP0_OutStart  stm32f1xx_ll_usb.o
    0x080031ac   0x0000006a   Code   RO         1809    i.USB_EPClearStall  stm32f1xx_ll_usb.o
    0x08003216   0x0000004a   Code   RO         1810    i.USB_EPSetStall    stm32f1xx_ll_usb.o
    0x08003260   0x000001aa   Code   RO         1811    i.USB_EPStartXfer   stm32f1xx_ll_usb.o
    0x0800340a   0x0000000e   Code   RO         1812    i.USB_EnableGlobalInt  stm32f1xx_ll_usb.o
    0x08003418   0x00000024   Code   RO          961    i.USB_GetData       usbd_pack.o
    0x0800343c   0x0000000c   Code   RO          718    i.USB_HP_CAN1_TX_IRQHandler  stm32f1xx_it.o
    0x08003448   0x0000000c   Code   RO          719    i.USB_LP_CAN1_RX0_IRQHandler  stm32f1xx_it.o
    0x08003454   0x00000058   Code   RO          962    i.USB_Mission       usbd_pack.o
    0x080034ac   0x00000006   Code   RO         1819    i.USB_ReadInterrupts  stm32f1xx_ll_usb.o
    0x080034b2   0x00000002   PAD
    0x080034b4   0x0000001e   Code   RO         1820    i.USB_ReadPMA       stm32f1xx_ll_usb.o
    0x080034d2   0x00000002   PAD
    0x080034d4   0x00000010   Code   RO          963    i.USB_SendData      usbd_pack.o
    0x080034e4   0x00000004   Code   RO         1822    i.USB_SetCurrentMode  stm32f1xx_ll_usb.o
    0x080034e8   0x0000000c   Code   RO         1823    i.USB_SetDevAddress  stm32f1xx_ll_usb.o
    0x080034f4   0x00000026   Code   RO         1825    i.USB_WritePMA      stm32f1xx_ll_usb.o
    0x0800351a   0x00000002   PAD
    0x0800351c   0x000000ac   Code   RO          861    i.Update_ADC_Value  adc_dma.o
    0x080035c8   0x00000002   Code   RO          720    i.UsageFault_Handler  stm32f1xx_it.o
    0x080035ca   0x00000002   Code   RO          197    i._Error_Handler    main.o
    0x080035cc   0x0000000e   Code   RO         3992    i.__scatterload_copy  mc_w.l(handlers.o)
    0x080035da   0x00000002   Code   RO         3993    i.__scatterload_null  mc_w.l(handlers.o)
    0x080035dc   0x0000000e   Code   RO         3994    i.__scatterload_zeroinit  mc_w.l(handlers.o)
    0x080035ea   0x00000002   PAD
    0x080035ec   0x00000038   Code   RO          198    i.main              main.o
    0x08003624   0x00000010   Data   RO         1060    .constdata          system_stm32f1xx.o
    0x08003634   0x00000008   Data   RO         1061    .constdata          system_stm32f1xx.o
    0x0800363c   0x00000020   Data   RO         3990    Region$$Table       anon$$obj.o


    Execution Region RW_IRAM1 (Base: 0x20000000, Size: 0x00002bf8, Max: 0x00010000, ABSOLUTE, COMPRESSED[0x000000d8])

    Base Addr    Size         Type   Attr      Idx    E Section Name        Object

    0x20000000   0x00000001   Data   RW          511    .data               usbd_custom_hid_if.o
    0x20000001   0x00000003   PAD
    0x20000004   0x00000022   Data   RW          512    .data               usbd_custom_hid_if.o
    0x20000026   0x00000002   PAD
    0x20000028   0x00000010   Data   RW          513    .data               usbd_custom_hid_if.o
    0x20000038   0x0000001c   Data   RW          558    .data               usbd_desc.o
    0x20000054   0x00000016   Data   RW          559    .data               usbd_desc.o
    0x2000006a   0x00000002   PAD
    0x2000006c   0x0000002c   Data   RW          867    .data               adc_dma.o
    0x20000098   0x00000001   Data   RW          965    .data               usbd_pack.o
    0x20000099   0x00000003   PAD
    0x2000009c   0x00000004   Data   RW         1062    .data               system_stm32f1xx.o
    0x200000a0   0x00000001   Data   RW         1242    .data               usbd_ctlreq.o
    0x200000a1   0x00000003   PAD
    0x200000a4   0x0000003c   Data   RW         1309    .data               usbd_customhid.o
    0x200000e0   0x00000042   Data   RW         1310    .data               usbd_customhid.o
    0x20000122   0x00000002   PAD
    0x20000124   0x0000000c   Data   RW         3670    .data               stm32f1xx_hal.o
    0x20000130   0x00000074   Zero   RW           16    .bss                adc.o
    0x200001a4   0x00000040   Zero   RW          158    .bss                stm32f1xx_hal_timebase_tim.o
    0x200001e4   0x000004b8   Zero   RW          295    .bss                usbd_conf.o
    0x2000069c   0x00000200   Zero   RW          557    .bss                usbd_desc.o
    0x2000089c   0x00000224   Zero   RW          646    .bss                usb_device.o
    0x20000ac0   0x00000040   Zero   RW          816    .bss                tim.o
    0x20000b00   0x000000a0   Zero   RW          862    .bss                adc_dma.o
    0x20000ba0   0x00000018   Zero   RW          866    .bss                adc_dma.o
    0x20000bb8   0x00000040   Zero   RW          964    .bss                usbd_pack.o
    0x20000bf8   0x00002000   Zero   RW            1    STACK               startup_stm32f103xe.o


==============================================================================

Image component sizes


      Code (inc. data)   RO Data    RW Data    ZI Data      Debug   Object Name

       336         66          0          0        116     497619   adc.o
       210          4          0         44        184       4181   adc_dma.o
        44          4          0          0          0        734   dma.o
        60          6          0          0          0        791   gpio.o
       204         16          0          0          0       6995   main.o
        36          8        304          0       8192        800   startup_stm32f103xe.o
        64         14          0         12          0       2574   stm32f1xx_hal.o
      1120         58          0          0          0       7738   stm32f1xx_hal_adc.o
       228         14          0          0          0      27013   stm32f1xx_hal_cortex.o
       870         44          0          0          0       3287   stm32f1xx_hal_dma.o
       488         42          0          0          0       1996   stm32f1xx_hal_gpio.o
       128         10          0          0          0        874   stm32f1xx_hal_msp.o
      1794          0          0          0          0       8385   stm32f1xx_hal_pcd.o
        52          0          0          0          0       1082   stm32f1xx_hal_pcd_ex.o
      1328        102          0          0          0       5410   stm32f1xx_hal_rcc.o
       236         12          0          0          0       1332   stm32f1xx_hal_rcc_ex.o
       584         20          0          0          0       6087   stm32f1xx_hal_tim.o
        84          0          0          0          0       2274   stm32f1xx_hal_tim_ex.o
       116         18          0          0         64       1416   stm32f1xx_hal_timebase_tim.o
        80         30          0          0          0       5945   stm32f1xx_it.o
      1666          0          0          0          0      11679   stm32f1xx_ll_usb.o
        72         16         24          4          0       1159   system_stm32f1xx.o
       148         34          0          0         64       1490   tim.o
        56         18          0          0        548        704   usb_device.o
       640         48          0          0       1208      12963   usbd_conf.o
       592          0          0          0          0       8432   usbd_core.o
      1004         30          0          1          0       6548   usbd_ctlreq.o
        24          6          0         51          0       2009   usbd_custom_hid_if.o
       474         22          0        126          0       8679   usbd_customhid.o
       232        136          0         50        512       9055   usbd_desc.o
       132          0          0          0          0       3996   usbd_ioreq.o
       140         24          0          1         64       2086   usbd_pack.o

    ----------------------------------------------------------------------
     13268        802        360        304      10952     655333   Object Totals
         0          0         32          0          0          0   (incl. Generated)
        26          0          0         15          0          0   (incl. Padding)

    ----------------------------------------------------------------------

      Code (inc. data)   RO Data    RW Data    ZI Data      Debug   Library Member Name

        86          0          0          0          0          0   __dczerorl2.o
         0          0          0          0          0          0   entry.o
         0          0          0          0          0          0   entry10a.o
         0          0          0          0          0          0   entry11a.o
         8          4          0          0          0          0   entry2.o
         4          0          0          0          0          0   entry5.o
         0          0          0          0          0          0   entry7b.o
         0          0          0          0          0          0   entry8b.o
         8          4          0          0          0          0   entry9a.o
        30          0          0          0          0          0   handlers.o
        36          8          0          0          0         68   init.o
         0          0          0          0          0          0   iusefp.o
        36          0          0          0          0         68   memcpya.o
        36          0          0          0          0        108   memseta.o
        20          0          0          0          0         68   cfcmple.o
        20          0          0          0          0         68   cfrcmple.o

    ----------------------------------------------------------------------
       288         16          0          0          0        380   Library Totals
         4          0          0          0          0          0   (incl. Padding)

    ----------------------------------------------------------------------

      Code (inc. data)   RO Data    RW Data    ZI Data      Debug   Library Name

       244         16          0          0          0        244   mc_w.l
        40          0          0          0          0        136   mf_w.l

    ----------------------------------------------------------------------
       288         16          0          0          0        380   Library Totals

    ----------------------------------------------------------------------

==============================================================================


      Code (inc. data)   RO Data    RW Data    ZI Data      Debug   

     13556        818        360        304      10952     647001   Grand Totals
     13556        818        360        216      10952     647001   ELF Image Totals (compressed)
     13556        818        360        216          0          0   ROM Totals

==============================================================================

    Total RO  Size (Code + RO Data)                13916 (  13.59kB)
    Total RW  Size (RW Data + ZI Data)             11256 (  10.99kB)
    Total ROM Size (Code + RO Data + RW Data)      14132 (  13.80kB)

==============================================================================

